Rectangular 8x4 radius analytic: 0.139754249
Rectangular 8x4 radius sampled:  0.139754249
Running 1004 starts with 32 worker process(es)

01 rect_8x4                 obj=0.121698032 check=0.141839054 ok=True far=(0.8733,0.2500)
02 stagger_7_6_6_6_7        obj=0.106192199 check=0.126375955 ok=True far=(0.5667,0.7911)
26 rect_8x4_j21             obj=0.120553989 check=0.142360326 ok=True far=(0.0000,0.2622)
03 stagger_6_7_6_7_6        obj=0.106726944 check=0.125478539 ok=True far=(0.0000,0.8022)
04 stagger_5_6_7_7_7        obj=0.108551650 check=0.129216815 ok=True far=(0.1856,0.1767)
14 rect_8x4_j9              obj=0.118523527 check=0.139787701 ok=True far=(1.0000,0.2544)
17 rect_8x4_j12             obj=0.117811208 check=0.138416316 ok=True far=(1.0000,0.4867)
25 rect_8x4_j20             obj=0.117688327 check=0.138442458 ok=True far=(0.8856,0.7511)
20 rect_8x4_j15             obj=0.108358900 check=0.129419033 ok=True far=(0.4544,0.6133)
19 rect_8x4_j14             obj=0.117368704 check=0.139300822 ok=True far=(1.0000,0.7467)
30 rect_8x4_j25             obj=0.114046372 check=0.137024323 ok=True far=(0.0000,0.7344)
27 rect_8x4_j22             obj=0.105913987 check=0.124153015 ok=True far=(0.1289,0.2100)
23 rect_8x4_j18             obj=0.113344305 check=0.135815808 ok=True far=(0.1500,0.7322)
08 rect_8x4_j3              obj=0.108908508 check=0.131524903 ok=True far=(1.0000,0.2533)
21 rect_8x4_j16             obj=0.106634032 check=0.128023631 ok=True far=(0.0000,0.7811)
06 rect_8x4_j1              obj=0.110615212 check=0.133354180 ok=True far=(1.0000,0.7444)
22 rect_8x4_j17             obj=0.108481944 check=0.129746110 ok=False far=(0.1644,0.7567)
07 rect_8x4_j2              obj=0.118414668 check=0.138204206 ok=False far=(1.0000,0.2611)
13 rect_8x4_j8              obj=0.106757535 check=0.125316802 ok=False far=(0.8011,0.4022)
05 rect_8x4_j0              obj=0.107158775 check=0.126727300 ok=False far=(0.1778,0.7711)
16 rect_8x4_j11             obj=0.109477977 check=0.131279083 ok=False far=(0.7689,0.2233)
29 rect_8x4_j24             obj=0.107073850 check=0.128789089 ok=False far=(0.7811,0.7822)
12 rect_8x4_j7              obj=0.107613969 check=0.129023837 ok=True far=(0.4711,0.7567)
28 rect_8x4_j23             obj=0.113274941 check=0.136851743 ok=False far=(0.8933,0.2489)
18 rect_8x4_j13             obj=0.109737299 check=0.132206668 ok=False far=(0.0000,0.7600)
31 rect_8x4_j26             obj=0.110375970 check=0.133931781 ok=True far=(0.0000,0.5122)
11 rect_8x4_j6              obj=0.108620528 check=0.129577739 ok=False far=(0.2056,0.1511)
10 rect_8x4_j5              obj=0.110630772 check=0.133277635 ok=False far=(0.9556,0.7389)
15 rect_8x4_j10             obj=0.108764323 check=0.129202418 ok=False far=(0.7722,0.2111)
09 rect_8x4_j4              obj=0.108346856 check=0.129269426 ok=False far=(1.0000,0.2522)
24 rect_8x4_j19             obj=0.113224935 check=0.134949233 ok=False far=(1.0000,0.5100)
32 rect_8x4_j27             obj=0.111078894 check=0.133702129 ok=False far=(1.0000,0.2533)
35 rect_8x4_j30             obj=0.107466418 check=0.129886562 ok=True far=(0.0000,0.5456)
33 rect_8x4_j28             obj=0.111248742 check=0.132791150 ok=False far=(0.0000,0.7600)
38 rect_8x4_j33             obj=0.107822999 check=0.129526638 ok=True far=(0.7800,0.6278)
53 rect_8x4_j48             obj=0.120111578 check=0.141093271 ok=True far=(0.0000,0.5011)
34 rect_8x4_j29             obj=0.113329159 check=0.134820978 ok=True far=(0.8911,0.7344)
37 rect_8x4_j32             obj=0.110804485 check=0.133990626 ok=True far=(0.1044,0.2411)
41 rect_8x4_j36             obj=0.110128146 check=0.132774729 ok=True far=(1.0000,0.7700)
40 rect_8x4_j35             obj=0.113809104 check=0.134887986 ok=True far=(1.0000,0.7711)
42 rect_8x4_j37             obj=0.107442583 check=0.126872808 ok=True far=(0.2378,0.7678)
36 rect_8x4_j31             obj=0.110644195 check=0.133905340 ok=False far=(0.9289,0.7467)
60 rect_8x4_j55             obj=0.119937252 check=0.140819176 ok=True far=(0.0000,0.7467)
39 rect_8x4_j34             obj=0.110175536 check=0.133446364 ok=False far=(1.0000,0.5122)
46 rect_8x4_j41             obj=0.110602250 check=0.132426477 ok=True far=(0.0000,0.5111)
44 rect_8x4_j39             obj=0.106510748 check=0.125365119 ok=True far=(1.0000,0.7589)
63 rect_8x4_j58             obj=0.119096787 check=0.139255417 ok=True far=(0.8678,0.2389)
43 rect_8x4_j38             obj=0.107533315 check=0.129655904 ok=True far=(0.2067,0.6489)
45 rect_8x4_j40             obj=0.107192454 check=0.126516614 ok=True far=(1.0000,0.2389)
66 rect_8x4_j61             obj=0.113198204 check=0.135169672 ok=True far=(1.0000,0.2644)
47 rect_8x4_j42             obj=0.117218168 check=0.139919168 ok=True far=(0.1133,0.2544)
56 rect_8x4_j51             obj=0.107443119 check=0.125484212 ok=True far=(0.9067,0.7678)
50 rect_8x4_j45             obj=0.110134990 check=0.131985781 ok=False far=(0.8822,0.7478)
57 rect_8x4_j52             obj=0.109716334 check=0.130915352 ok=True far=(0.9311,0.7500)
52 rect_8x4_j47             obj=0.111683493 check=0.132721527 ok=False far=(0.8978,0.5000)
51 rect_8x4_j46             obj=0.112534829 check=0.135220759 ok=False far=(1.0000,0.7478)
73 rect_8x4_j68             obj=0.118198763 check=0.138612817 ok=True far=(0.2378,0.7433)
48 rect_8x4_j43             obj=0.110393073 check=0.132031435 ok=False far=(0.0000,0.2556)
49 rect_8x4_j44             obj=0.110745257 check=0.132970738 ok=False far=(0.1022,0.7589)
70 rect_8x4_j65             obj=0.113414421 check=0.136651802 ok=True far=(0.1033,0.5078)
62 rect_8x4_j57             obj=0.109495828 check=0.133422800 ok=False far=(0.0000,0.5011)
55 rect_8x4_j50             obj=0.109416337 check=0.132895228 ok=True far=(1.0000,0.2533)
61 rect_8x4_j56             obj=0.107935849 check=0.128455291 ok=False far=(0.3322,0.2422)
75 rect_8x4_j70             obj=0.119333543 check=0.141369898 ok=True far=(0.3767,0.5233)
58 rect_8x4_j53             obj=0.112468881 check=0.135285212 ok=True far=(0.0000,0.7489)
59 rect_8x4_j54             obj=0.109683508 check=0.134871443 ok=False far=(1.0000,0.2522)
76 rect_8x4_j71             obj=0.118128391 check=0.138585156 ok=True far=(0.3367,0.5111)
77 rect_8x4_j72             obj=0.112870076 check=0.134422215 ok=True far=(1.0000,0.4878)
68 rect_8x4_j63             obj=0.114844103 check=0.136689157 ok=True far=(0.8844,0.7556)
64 rect_8x4_j59             obj=0.116216512 check=0.139097300 ok=False far=(0.8933,0.7467)
54 rect_8x4_j49             obj=0.107362909 check=0.128701905 ok=False far=(0.7011,0.1533)
72 rect_8x4_j67             obj=0.116509834 check=0.136178559 ok=True far=(0.0000,0.2444)
86 rect_8x4_j81             obj=0.120716274 check=0.141977966 ok=True far=(0.7522,0.2533)
65 rect_8x4_j60             obj=0.112366847 check=0.134851350 ok=False far=(0.0933,0.7500)
67 rect_8x4_j62             obj=0.115681000 check=0.136644093 ok=True far=(1.0000,0.4889)
78 rect_8x4_j73             obj=0.111018838 check=0.132797736 ok=True far=(1.0000,0.7467)
69 rect_8x4_j64             obj=0.115249414 check=0.135728711 ok=False far=(1.0000,0.7578)
71 rect_8x4_j66             obj=0.107911260 check=0.128013237 ok=False far=(0.8033,0.5411)
89 rect_8x4_j84             obj=0.115992006 check=0.138001118 ok=True far=(0.0000,0.2667)
74 rect_8x4_j69             obj=0.111193117 check=0.132426774 ok=False far=(0.8300,0.5111)
87 rect_8x4_j82             obj=0.107591464 check=0.127364716 ok=True far=(0.3989,0.2233)
84 rect_8x4_j79             obj=0.113952295 check=0.137609248 ok=True far=(0.8578,0.7344)
105 stagger_7_6_6_6_7_j0     obj=0.106757604 check=0.127629287 ok=True far=(0.0000,0.7811)
107 stagger_7_6_6_6_7_j2     obj=0.106148885 check=0.125339779 ok=True far=(0.1767,0.2211)
82 rect_8x4_j77             obj=0.116077524 check=0.136398559 ok=True far=(0.0000,0.5011)
88 rect_8x4_j83             obj=0.117684445 check=0.138546062 ok=True far=(0.1633,0.7344)
83 rect_8x4_j78             obj=0.113396150 check=0.135954925 ok=True far=(1.0000,0.4778)
101 rect_8x4_j96             obj=0.115853161 check=0.138423713 ok=True far=(0.7833,0.7467)
85 rect_8x4_j80             obj=0.105970273 check=0.126416841 ok=True far=(0.0000,0.2411)
79 rect_8x4_j74             obj=0.110182325 check=0.132768437 ok=False far=(1.0000,0.2400)
80 rect_8x4_j75             obj=0.106218566 check=0.126619224 ok=False far=(0.8800,0.2200)
92 rect_8x4_j87             obj=0.107885396 check=0.127277220 ok=True far=(0.8033,0.5311)
93 rect_8x4_j88             obj=0.108454096 check=0.127711224 ok=True far=(0.2200,0.5633)
109 stagger_7_6_6_6_7_j4     obj=0.106716028 check=0.126473273 ok=True far=(0.2067,0.6378)
81 rect_8x4_j76             obj=0.108046369 check=0.128575396 ok=True far=(0.1633,0.7589)
90 rect_8x4_j85             obj=0.112391016 check=0.133303635 ok=True far=(0.0000,0.4867)
106 stagger_7_6_6_6_7_j1     obj=0.107167301 check=0.128759430 ok=True far=(0.1433,0.7911)
103 rect_8x4_j98             obj=0.110469663 check=0.132352909 ok=True far=(1.0000,0.5078)
113 stagger_7_6_6_6_7_j8     obj=0.106184115 check=0.125960828 ok=True far=(0.1822,0.2222)
108 stagger_7_6_6_6_7_j3     obj=0.107085460 check=0.127939148 ok=True far=(0.2056,0.6289)
100 rect_8x4_j95             obj=0.106702524 check=0.127150482 ok=True far=(0.0000,0.4333)
110 stagger_7_6_6_6_7_j5     obj=0.106726233 check=0.126771363 ok=True far=(0.3422,0.6478)
104 rect_8x4_j99             obj=0.107928517 check=0.130123948 ok=True far=(1.0000,0.2378)
115 stagger_7_6_6_6_7_j10    obj=0.106179897 check=0.125486256 ok=True far=(0.0000,0.7844)
98 rect_8x4_j93             obj=0.108221523 check=0.128330368 ok=True far=(0.4422,0.5878)
111 stagger_7_6_6_6_7_j6     obj=0.106739188 check=0.127061996 ok=True far=(0.0000,0.2256)
94 rect_8x4_j89             obj=0.110549018 check=0.133318977 ok=False far=(1.0000,0.4900)
95 rect_8x4_j90             obj=0.108403249 check=0.129209168 ok=True far=(0.7600,0.3067)
119 stagger_7_6_6_6_7_j14    obj=0.105995834 check=0.125504351 ok=True far=(0.5533,0.1989)
96 rect_8x4_j91             obj=0.110488121 check=0.135092998 ok=False far=(0.0000,0.5000)
112 stagger_7_6_6_6_7_j7     obj=0.106968481 check=0.127867078 ok=True far=(0.1933,0.2311)
97 rect_8x4_j92             obj=0.114526543 check=0.138393423 ok=False far=(0.0000,0.2522)
99 rect_8x4_j94             obj=0.107499803 check=0.129616956 ok=False far=(1.0000,0.2300)
118 stagger_7_6_6_6_7_j13    obj=0.107319280 check=0.129376750 ok=True far=(0.0000,0.3978)
123 stagger_7_6_6_6_7_j18    obj=0.106430978 check=0.126938828 ok=True far=(0.2078,0.7800)
91 rect_8x4_j86             obj=0.109365048 check=0.132718909 ok=False far=(0.0000,0.4889)
117 stagger_7_6_6_6_7_j12    obj=0.106441058 check=0.126876621 ok=True far=(0.1967,0.7800)
124 stagger_7_6_6_6_7_j19    obj=0.106511628 check=0.127235466 ok=True far=(0.1878,0.2289)
102 rect_8x4_j97             obj=0.108746938 check=0.131004046 ok=False far=(0.0000,0.7489)
120 stagger_7_6_6_6_7_j15    obj=0.105757049 check=0.124203785 ok=True far=(0.3511,0.2044)
121 stagger_7_6_6_6_7_j16    obj=0.107033019 check=0.129470854 ok=True far=(0.0000,0.5889)
125 stagger_7_6_6_6_7_j20    obj=0.106420372 check=0.125512058 ok=True far=(0.0000,0.7933)
127 stagger_7_6_6_6_7_j22    obj=0.106763118 check=0.127511804 ok=True far=(0.0000,0.2378)
132 stagger_7_6_6_6_7_j27    obj=0.106663227 check=0.126228140 ok=True far=(0.2067,0.6378)
122 stagger_7_6_6_6_7_j17    obj=0.107375936 check=0.128070168 ok=True far=(0.3656,0.3322)
129 stagger_7_6_6_6_7_j24    obj=0.106445408 check=0.125589889 ok=True far=(0.1967,0.2211)
116 stagger_7_6_6_6_7_j11    obj=0.108680530 check=0.128571993 ok=True far=(0.0000,0.6989)
135 stagger_7_6_6_6_7_j30    obj=0.106521616 check=0.126236672 ok=True far=(0.1978,0.2222)
134 stagger_7_6_6_6_7_j29    obj=0.106527513 check=0.125897066 ok=True far=(0.1844,0.7700)
143 stagger_7_6_6_6_7_j38    obj=0.106777371 check=0.128337988 ok=True far=(0.1967,0.3711)
142 stagger_7_6_6_6_7_j37    obj=0.105845357 check=0.124110381 ok=True far=(0.1511,0.2100)
128 stagger_7_6_6_6_7_j23    obj=0.106854888 check=0.127144505 ok=True far=(0.1944,0.7767)
131 stagger_7_6_6_6_7_j26    obj=0.106000407 check=0.124514122 ok=True far=(0.0000,0.2089)
136 stagger_7_6_6_6_7_j31    obj=0.106500659 check=0.125609434 ok=True far=(0.3411,0.2278)
146 stagger_7_6_6_6_7_j41    obj=0.106630351 check=0.126708984 ok=True far=(0.1856,0.7700)
133 stagger_7_6_6_6_7_j28    obj=0.106501663 check=0.126739743 ok=True far=(0.3867,0.7811)
139 stagger_7_6_6_6_7_j34    obj=0.106971361 check=0.128010013 ok=True far=(0.1967,0.7711)
130 stagger_7_6_6_6_7_j25    obj=0.106665906 check=0.127378059 ok=True far=(0.1822,0.7689)
114 stagger_7_6_6_6_7_j9     obj=0.110221780 check=0.136057892 ok=False far=(0.0000,0.7356)
141 stagger_7_6_6_6_7_j36    obj=0.106968479 check=0.127360922 ok=True far=(0.1989,0.7789)
137 stagger_7_6_6_6_7_j32    obj=0.107042737 check=0.129242947 ok=True far=(0.0000,0.2200)
149 stagger_7_6_6_6_7_j44    obj=0.106245881 check=0.125514262 ok=True far=(0.1867,0.7778)
147 stagger_7_6_6_6_7_j42    obj=0.107353735 check=0.127524695 ok=True far=(0.1733,0.7789)
140 stagger_7_6_6_6_7_j35    obj=0.107338318 check=0.129746801 ok=True far=(0.2111,0.3633)
153 stagger_7_6_6_6_7_j48    obj=0.105836733 check=0.124026907 ok=True far=(0.8167,0.5767)
151 stagger_7_6_6_6_7_j46    obj=0.106298089 check=0.125579779 ok=True far=(0.1767,0.2200)
148 stagger_7_6_6_6_7_j43    obj=0.106441207 check=0.126572004 ok=True far=(0.1867,0.7678)
150 stagger_7_6_6_6_7_j45    obj=0.106623796 check=0.126476489 ok=True far=(0.0000,0.7833)
152 stagger_7_6_6_6_7_j47    obj=0.107353865 check=0.129973790 ok=True far=(0.2067,0.6244)
155 stagger_7_6_6_6_7_j50    obj=0.106446590 check=0.125342776 ok=True far=(0.3778,0.3644)
126 stagger_7_6_6_6_7_j21    obj=0.110966008 check=0.133099906 ok=True far=(0.1033,0.7567)
154 stagger_7_6_6_6_7_j49    obj=0.106484396 check=0.126734020 ok=True far=(0.0000,0.7800)
138 stagger_7_6_6_6_7_j33    obj=0.106243010 check=0.127578341 ok=True far=(0.0000,0.7811)
158 stagger_7_6_6_6_7_j53    obj=0.106169408 check=0.126443409 ok=True far=(0.1833,0.2244)
159 stagger_7_6_6_6_7_j54    obj=0.106295009 check=0.125465139 ok=True far=(0.3878,0.6278)
157 stagger_7_6_6_6_7_j52    obj=0.107210112 check=0.129563435 ok=True far=(0.0000,0.5789)
164 stagger_7_6_6_6_7_j59    obj=0.106475370 check=0.126665278 ok=True far=(0.1967,0.7800)
144 stagger_7_6_6_6_7_j39    obj=0.107778411 check=0.128679185 ok=True far=(0.2278,0.0000)
167 stagger_7_6_6_6_7_j62    obj=0.106060077 check=0.125595299 ok=True far=(0.1844,0.6300)
160 stagger_7_6_6_6_7_j55    obj=0.106439621 check=0.127310782 ok=True far=(0.1933,0.7800)
170 stagger_7_6_6_6_7_j65    obj=0.106898558 check=0.127387238 ok=True far=(0.0000,0.7911)
145 stagger_7_6_6_6_7_j40    obj=0.110271708 check=0.133708410 ok=True far=(0.0000,0.5344)
165 stagger_7_6_6_6_7_j60    obj=0.106516367 check=0.125794122 ok=True far=(0.1833,0.2289)
162 stagger_7_6_6_6_7_j57    obj=0.107132788 check=0.127243522 ok=True far=(0.0000,0.7822)
168 stagger_7_6_6_6_7_j63    obj=0.106629170 check=0.127200585 ok=True far=(0.1833,0.7667)
169 stagger_7_6_6_6_7_j64    obj=0.106509984 check=0.126220223 ok=True far=(0.0000,0.2167)
171 stagger_7_6_6_6_7_j66    obj=0.106852318 check=0.126749186 ok=True far=(0.2756,0.0000)
176 stagger_7_6_6_6_7_j71    obj=0.106819502 check=0.127414414 ok=True far=(0.0000,0.4100)
178 stagger_7_6_6_6_7_j73    obj=0.106826326 check=0.127417303 ok=True far=(0.0000,0.7822)
161 stagger_7_6_6_6_7_j56    obj=0.106037702 check=0.125782341 ok=True far=(0.1767,0.2211)
181 stagger_7_6_6_6_7_j76    obj=0.106560920 check=0.125901131 ok=True far=(0.3756,0.2300)
177 stagger_7_6_6_6_7_j72    obj=0.106360986 check=0.125864871 ok=True far=(0.2744,1.0000)
172 stagger_7_6_6_6_7_j67    obj=0.106391267 check=0.126828932 ok=True far=(0.0000,0.7800)
166 stagger_7_6_6_6_7_j61    obj=0.107135298 check=0.128739327 ok=True far=(0.2044,0.7800)
180 stagger_7_6_6_6_7_j75    obj=0.107081480 check=0.127837453 ok=True far=(0.0000,0.2189)
175 stagger_7_6_6_6_7_j70    obj=0.107305651 check=0.128414439 ok=True far=(0.0000,0.2189)
179 stagger_7_6_6_6_7_j74    obj=0.106539393 check=0.126098639 ok=True far=(0.1756,0.2189)
163 stagger_7_6_6_6_7_j58    obj=0.107814035 check=0.131354273 ok=True far=(0.0000,0.2389)
182 stagger_7_6_6_6_7_j77    obj=0.107013642 check=0.127284639 ok=True far=(0.0000,0.2211)
174 stagger_7_6_6_6_7_j69    obj=0.107077958 check=0.127631694 ok=True far=(0.1833,0.2311)
156 stagger_7_6_6_6_7_j51    obj=0.105561119 check=0.125103330 ok=True far=(0.8811,0.2089)
186 stagger_7_6_6_6_7_j81    obj=0.106397081 check=0.125605206 ok=True far=(0.2111,0.2044)
185 stagger_7_6_6_6_7_j80    obj=0.107128893 check=0.128188427 ok=True far=(0.0000,0.7811)
189 stagger_7_6_6_6_7_j84    obj=0.106296396 check=0.126968283 ok=True far=(0.0000,0.7911)
193 stagger_7_6_6_6_7_j88    obj=0.106014274 check=0.124930638 ok=True far=(0.1811,0.2278)
199 stagger_7_6_6_6_7_j94    obj=0.106107768 check=0.125541718 ok=True far=(0.0000,0.7933)
198 stagger_7_6_6_6_7_j93    obj=0.106692050 check=0.126924035 ok=True far=(0.1922,0.7789)
195 stagger_7_6_6_6_7_j90    obj=0.106829570 check=0.127618672 ok=True far=(0.1822,0.2300)
173 stagger_7_6_6_6_7_j68    obj=0.106797973 check=0.126622098 ok=True far=(0.4100,1.0000)
197 stagger_7_6_6_6_7_j92    obj=0.106330916 check=0.125585218 ok=True far=(0.1900,0.7722)
184 stagger_7_6_6_6_7_j79    obj=0.107025332 check=0.128529815 ok=True far=(0.0000,0.2311)
194 stagger_7_6_6_6_7_j89    obj=0.106647726 check=0.127563221 ok=True far=(0.1978,0.7700)
188 stagger_7_6_6_6_7_j83    obj=0.107140021 check=0.128295413 ok=True far=(0.2089,0.3722)
192 stagger_7_6_6_6_7_j87    obj=0.106508584 check=0.126204548 ok=True far=(0.1978,0.6267)
203 stagger_7_6_6_6_7_j98    obj=0.106238604 check=0.126814763 ok=True far=(0.5644,0.7933)
202 stagger_7_6_6_6_7_j97    obj=0.106807451 check=0.128148117 ok=True far=(0.0000,0.2189)
183 stagger_7_6_6_6_7_j78    obj=0.107163693 check=0.127793884 ok=True far=(0.2111,0.6322)
200 stagger_7_6_6_6_7_j95    obj=0.106258183 check=0.125906090 ok=True far=(0.2056,0.6378)
187 stagger_7_6_6_6_7_j82    obj=0.110823058 check=0.132952787 ok=True far=(0.1011,0.5011)
196 stagger_7_6_6_6_7_j91    obj=0.106311713 check=0.125542016 ok=True far=(0.1867,0.7789)
201 stagger_7_6_6_6_7_j96    obj=0.106680110 check=0.126427262 ok=True far=(0.0000,0.2167)
204 stagger_7_6_6_6_7_j99    obj=0.106701346 check=0.126828951 ok=True far=(0.0000,0.2200)
206 stagger_6_7_6_7_6_j1     obj=0.105550166 check=0.124813583 ok=True far=(0.0000,0.4333)
207 stagger_6_7_6_7_6_j2     obj=0.106465982 check=0.126707922 ok=True far=(0.3122,0.8289)
213 stagger_6_7_6_7_6_j8     obj=0.106538086 check=0.127033129 ok=True far=(0.0000,0.5744)
210 stagger_6_7_6_7_6_j5     obj=0.106743023 check=0.126645798 ok=True far=(0.0000,0.8056)
212 stagger_6_7_6_7_6_j7     obj=0.106876021 check=0.128650442 ok=True far=(0.0000,0.7933)
211 stagger_6_7_6_7_6_j6     obj=0.108590460 check=0.131386063 ok=True far=(0.0000,0.5911)
223 stagger_6_7_6_7_6_j18    obj=0.106423487 check=0.126428131 ok=True far=(0.0000,0.2200)
214 stagger_6_7_6_7_6_j9     obj=0.105547308 check=0.125680513 ok=True far=(0.0000,0.6122)
220 stagger_6_7_6_7_6_j15    obj=0.107751496 check=0.126836764 ok=True far=(0.0000,0.7911)
190 stagger_7_6_6_6_7_j85    obj=0.109561933 check=0.133451765 ok=True far=(0.0000,0.7333)
227 stagger_6_7_6_7_6_j22    obj=0.106872005 check=0.127279090 ok=True far=(0.0000,0.4311)
222 stagger_6_7_6_7_6_j17    obj=0.106687752 check=0.127045075 ok=True far=(0.1500,1.0000)
224 stagger_6_7_6_7_6_j19    obj=0.107165616 check=0.127274825 ok=True far=(0.1744,0.3833)
205 stagger_6_7_6_7_6_j0     obj=0.106850683 check=0.127852456 ok=True far=(0.2278,0.1133)
208 stagger_6_7_6_7_6_j3     obj=0.106961724 check=0.127704803 ok=True far=(0.1744,0.2111)
217 stagger_6_7_6_7_6_j12    obj=0.108066243 check=0.130180212 ok=True far=(0.0000,0.2178)
209 stagger_6_7_6_7_6_j4     obj=0.108073993 check=0.129169819 ok=True far=(0.3111,0.6156)
229 stagger_6_7_6_7_6_j24    obj=0.106754273 check=0.126260319 ok=True far=(0.1522,0.8011)
221 stagger_6_7_6_7_6_j16    obj=0.105833771 check=0.125088546 ok=True far=(0.0000,0.4100)
191 stagger_7_6_6_6_7_j86    obj=0.106128470 check=0.127333285 ok=False far=(0.0000,0.7911)
230 stagger_6_7_6_7_6_j25    obj=0.106490955 check=0.127124613 ok=True far=(0.1844,0.7800)
219 stagger_6_7_6_7_6_j14    obj=0.106898634 check=0.128333935 ok=True far=(0.0000,0.7811)
232 stagger_6_7_6_7_6_j27    obj=0.107069861 check=0.127524837 ok=True far=(0.0000,0.2056)
218 stagger_6_7_6_7_6_j13    obj=0.106636352 check=0.126916191 ok=True far=(0.3178,0.1711)
235 stagger_6_7_6_7_6_j30    obj=0.105910164 check=0.127296767 ok=True far=(0.0000,0.5889)
225 stagger_6_7_6_7_6_j20    obj=0.105759158 check=0.125614508 ok=True far=(0.2811,0.4111)
228 stagger_6_7_6_7_6_j23    obj=0.107103716 check=0.129560465 ok=True far=(0.0000,0.7922)
216 stagger_6_7_6_7_6_j11    obj=0.106372907 check=0.128246800 ok=True far=(0.1733,0.2200)
215 stagger_6_7_6_7_6_j10    obj=0.107141553 check=0.129204526 ok=True far=(0.1711,0.1856)
236 stagger_6_7_6_7_6_j31    obj=0.106295736 check=0.124862301 ok=True far=(0.4900,0.8333)
238 stagger_6_7_6_7_6_j33    obj=0.106782270 check=0.126766410 ok=True far=(1.0000,0.8044)
226 stagger_6_7_6_7_6_j21    obj=0.106512033 check=0.127341356 ok=True far=(0.0000,0.5756)
237 stagger_6_7_6_7_6_j32    obj=0.107399946 check=0.128604957 ok=True far=(0.0000,0.2067)
233 stagger_6_7_6_7_6_j28    obj=0.106191622 check=0.127003977 ok=True far=(0.1944,0.2111)
231 stagger_6_7_6_7_6_j26    obj=0.105867317 check=0.126685102 ok=True far=(0.0000,0.2044)
241 stagger_6_7_6_7_6_j36    obj=0.106427273 check=0.126522284 ok=True far=(0.1611,0.0000)
243 stagger_6_7_6_7_6_j38    obj=0.106449030 check=0.126294103 ok=True far=(0.0000,0.7922)
240 stagger_6_7_6_7_6_j35    obj=0.105362237 check=0.125426514 ok=True far=(0.0000,0.6133)
244 stagger_6_7_6_7_6_j39    obj=0.106242445 check=0.125166906 ok=True far=(0.4667,0.0000)
234 stagger_6_7_6_7_6_j29    obj=0.106966895 check=0.127443525 ok=True far=(0.0000,0.1856)
251 stagger_6_7_6_7_6_j46    obj=0.107049185 check=0.129355746 ok=True far=(0.0000,0.8022)
248 stagger_6_7_6_7_6_j43    obj=0.106655598 check=0.126055816 ok=True far=(0.1767,0.7900)
250 stagger_6_7_6_7_6_j45    obj=0.106507133 check=0.130251368 ok=True far=(0.0000,0.8056)
239 stagger_6_7_6_7_6_j34    obj=0.105547275 check=0.126082635 ok=True far=(0.4767,0.0000)
257 stagger_6_7_6_7_6_j52    obj=0.106572595 check=0.127488984 ok=True far=(0.0000,0.6122)
246 stagger_6_7_6_7_6_j41    obj=0.107480916 check=0.129813360 ok=True far=(0.1622,0.1944)
247 stagger_6_7_6_7_6_j42    obj=0.107043669 check=0.128916851 ok=True far=(0.1556,0.1956)
242 stagger_6_7_6_7_6_j37    obj=0.107449203 check=0.128076296 ok=True far=(0.0000,0.7933)
260 stagger_6_7_6_7_6_j55    obj=0.106014125 check=0.126359487 ok=True far=(0.3822,0.2178)
249 stagger_6_7_6_7_6_j44    obj=0.107362199 check=0.127689887 ok=True far=(0.5078,0.8167)
256 stagger_6_7_6_7_6_j51    obj=0.107180264 check=0.127037310 ok=True far=(0.1889,0.6256)
252 stagger_6_7_6_7_6_j47    obj=0.107106306 check=0.126803895 ok=True far=(0.3189,0.0000)
258 stagger_6_7_6_7_6_j53    obj=0.107270315 check=0.128891719 ok=True far=(0.0000,0.3867)
254 stagger_6_7_6_7_6_j49    obj=0.106878618 check=0.127340529 ok=True far=(0.0000,0.7911)
261 stagger_6_7_6_7_6_j56    obj=0.106787219 check=0.126718683 ok=True far=(0.0000,0.2200)
265 stagger_6_7_6_7_6_j60    obj=0.106624235 check=0.127363092 ok=True far=(0.1678,0.3989)
253 stagger_6_7_6_7_6_j48    obj=0.107342574 check=0.129471036 ok=True far=(0.0000,0.4067)
245 stagger_6_7_6_7_6_j40    obj=0.108422133 check=0.129621524 ok=True far=(0.1978,0.6144)
259 stagger_6_7_6_7_6_j54    obj=0.107698362 check=0.132273509 ok=True far=(0.1611,0.1989)
262 stagger_6_7_6_7_6_j57    obj=0.106772960 check=0.125689328 ok=True far=(0.0000,0.7811)
255 stagger_6_7_6_7_6_j50    obj=0.106206933 check=0.126691196 ok=True far=(0.5056,0.7911)
267 stagger_6_7_6_7_6_j62    obj=0.107622830 check=0.127781979 ok=True far=(0.1956,0.2100)
269 stagger_6_7_6_7_6_j64    obj=0.105612145 check=0.125048280 ok=True far=(0.0000,0.6356)
266 stagger_6_7_6_7_6_j61    obj=0.107275076 check=0.128224425 ok=True far=(0.0000,0.2067)
271 stagger_6_7_6_7_6_j66    obj=0.106620913 check=0.126441992 ok=True far=(0.0000,0.7922)
268 stagger_6_7_6_7_6_j63    obj=0.107005043 check=0.127547540 ok=True far=(0.0000,0.8044)
280 stagger_6_7_6_7_6_j75    obj=0.107428101 check=0.128090641 ok=True far=(0.0000,0.2067)
279 stagger_6_7_6_7_6_j74    obj=0.105318483 check=0.124522216 ok=True far=(0.5356,0.7833)
283 stagger_6_7_6_7_6_j78    obj=0.107036341 check=0.126612656 ok=True far=(0.1567,0.8044)
275 stagger_6_7_6_7_6_j70    obj=0.106630414 check=0.127946054 ok=True far=(0.1656,0.8156)
270 stagger_6_7_6_7_6_j65    obj=0.105760345 check=0.126313705 ok=True far=(0.3178,0.0000)
264 stagger_6_7_6_7_6_j59    obj=0.107009255 check=0.128611123 ok=True far=(0.0000,0.3978)
284 stagger_6_7_6_7_6_j79    obj=0.106539975 check=0.127640762 ok=True far=(0.0000,0.2056)
290 stagger_6_7_6_7_6_j85    obj=0.106360840 check=0.126542643 ok=True far=(0.0000,0.3889)
276 stagger_6_7_6_7_6_j71    obj=0.107098801 check=0.127340537 ok=True far=(0.0000,0.2089)
274 stagger_6_7_6_7_6_j69    obj=0.106809519 check=0.127583557 ok=True far=(0.1722,0.7911)
281 stagger_6_7_6_7_6_j76    obj=0.106871896 check=0.126583040 ok=True far=(0.1833,0.7789)
285 stagger_6_7_6_7_6_j80    obj=0.107072069 check=0.126853244 ok=True far=(0.4856,1.0000)
263 stagger_6_7_6_7_6_j58    obj=0.106267537 check=0.126413527 ok=True far=(0.0000,0.1989)
289 stagger_6_7_6_7_6_j84    obj=0.107091097 check=0.128414620 ok=True far=(0.1611,0.3744)
287 stagger_6_7_6_7_6_j82    obj=0.107039625 check=0.127892831 ok=True far=(0.0000,0.3989)
294 stagger_6_7_6_7_6_j89    obj=0.107169110 check=0.128008688 ok=True far=(0.1956,0.2111)
293 stagger_6_7_6_7_6_j88    obj=0.106944466 check=0.127342079 ok=True far=(0.1733,0.7900)
273 stagger_6_7_6_7_6_j68    obj=0.106976665 check=0.128516281 ok=True far=(0.0000,0.7933)
288 stagger_6_7_6_7_6_j83    obj=0.106332889 check=0.126334208 ok=True far=(0.0000,0.1989)
292 stagger_6_7_6_7_6_j87    obj=0.106537750 check=0.126359570 ok=True far=(0.4967,1.0000)
282 stagger_6_7_6_7_6_j77    obj=0.106340315 check=0.125384440 ok=True far=(0.2989,1.0000)
286 stagger_6_7_6_7_6_j81    obj=0.108269594 check=0.128924311 ok=True far=(0.0000,0.3867)
297 stagger_6_7_6_7_6_j92    obj=0.106948270 check=0.127902264 ok=True far=(0.0000,0.4089)
277 stagger_6_7_6_7_6_j72    obj=0.106543905 check=0.126669048 ok=True far=(0.1811,0.2200)
295 stagger_6_7_6_7_6_j90    obj=0.106603979 check=0.127425231 ok=True far=(0.0000,0.7911)
278 stagger_6_7_6_7_6_j73    obj=0.106973272 check=0.128526658 ok=True far=(0.1556,0.2056)
272 stagger_6_7_6_7_6_j67    obj=0.106682776 check=0.127152674 ok=True far=(0.1867,0.8300)
291 stagger_6_7_6_7_6_j86    obj=0.106551567 check=0.127939754 ok=True far=(0.0000,0.2189)
300 stagger_6_7_6_7_6_j95    obj=0.106604415 check=0.126058010 ok=True far=(0.1289,0.0000)
299 stagger_6_7_6_7_6_j94    obj=0.106448374 check=0.125916858 ok=True far=(0.1433,0.5889)
301 stagger_6_7_6_7_6_j96    obj=0.106224876 check=0.125725903 ok=True far=(0.0000,0.5778)
302 stagger_6_7_6_7_6_j97    obj=0.107218291 check=0.130322633 ok=True far=(0.0000,0.5922)
298 stagger_6_7_6_7_6_j93    obj=0.106075919 check=0.124639653 ok=True far=(0.1856,0.6256)
312 stagger_5_6_7_7_7_j7     obj=0.108625671 check=0.130073779 ok=True far=(0.5667,0.0000)
316 stagger_5_6_7_7_7_j11    obj=0.107566287 check=0.127716579 ok=True far=(0.1767,0.1733)
305 stagger_5_6_7_7_7_j0     obj=0.107412032 check=0.130138200 ok=True far=(0.1944,0.0000)
303 stagger_6_7_6_7_6_j98    obj=0.107783954 check=0.130766917 ok=True far=(0.1722,0.5911)
315 stagger_5_6_7_7_7_j10    obj=0.108353359 check=0.128529297 ok=True far=(0.7844,0.1367)
308 stagger_5_6_7_7_7_j3     obj=0.108798292 check=0.130610592 ok=True far=(0.3844,0.0000)
304 stagger_6_7_6_7_6_j99    obj=0.106250858 check=0.126294119 ok=True far=(0.0000,0.2078)
314 stagger_5_6_7_7_7_j9     obj=0.107264565 check=0.127860424 ok=True far=(0.4011,0.0000)
322 stagger_5_6_7_7_7_j17    obj=0.108950720 check=0.129932869 ok=True far=(0.3544,0.0000)
328 stagger_5_6_7_7_7_j23    obj=0.108505854 check=0.130158972 ok=True far=(0.1944,0.1744)
320 stagger_5_6_7_7_7_j15    obj=0.108238442 check=0.128418445 ok=True far=(0.0000,0.1922)
307 stagger_5_6_7_7_7_j2     obj=0.108826810 check=0.129911663 ok=True far=(0.2089,0.2000)
326 stagger_5_6_7_7_7_j21    obj=0.108212126 check=0.131519745 ok=True far=(0.3856,0.0000)
318 stagger_5_6_7_7_7_j13    obj=0.108338453 check=0.129648740 ok=True far=(0.5767,0.0000)
319 stagger_5_6_7_7_7_j14    obj=0.109354481 check=0.129961815 ok=True far=(0.2056,0.3489)
321 stagger_5_6_7_7_7_j16    obj=0.108501940 check=0.129636495 ok=True far=(0.1900,0.1633)
296 stagger_6_7_6_7_6_j91    obj=0.107982589 check=0.131075567 ok=False far=(0.0000,0.5878)
313 stagger_5_6_7_7_7_j8     obj=0.108693580 check=0.129253216 ok=True far=(0.5867,0.0000)
311 stagger_5_6_7_7_7_j6     obj=0.108713589 check=0.129484381 ok=True far=(0.1978,0.1733)
325 stagger_5_6_7_7_7_j20    obj=0.109314551 check=0.132720638 ok=True far=(0.2078,0.0000)
310 stagger_5_6_7_7_7_j5     obj=0.108763596 check=0.130670951 ok=True far=(0.7811,0.0000)
306 stagger_5_6_7_7_7_j1     obj=0.107282802 check=0.128847296 ok=True far=(0.1878,0.0000)
329 stagger_5_6_7_7_7_j24    obj=0.108694289 check=0.129961847 ok=True far=(0.5656,0.0000)
330 stagger_5_6_7_7_7_j25    obj=0.109056085 check=0.130324636 ok=True far=(0.2167,0.3289)
327 stagger_5_6_7_7_7_j22    obj=0.108859350 check=0.130191992 ok=True far=(0.0000,0.1944)
309 stagger_5_6_7_7_7_j4     obj=0.108792731 check=0.129986105 ok=True far=(0.1978,0.1633)
334 stagger_5_6_7_7_7_j29    obj=0.107124636 check=0.127218662 ok=True far=(0.1956,0.0000)
324 stagger_5_6_7_7_7_j19    obj=0.108548386 check=0.130385186 ok=True far=(0.6022,0.1800)
317 stagger_5_6_7_7_7_j12    obj=0.106633025 check=0.126850396 ok=True far=(0.3767,0.0000)
339 stagger_5_6_7_7_7_j34    obj=0.107092000 check=0.126911648 ok=True far=(0.1956,0.0000)
323 stagger_5_6_7_7_7_j18    obj=0.106345545 check=0.127464086 ok=True far=(0.1856,0.0000)
333 stagger_5_6_7_7_7_j28    obj=0.109383396 check=0.130207167 ok=True far=(0.7911,0.0000)
332 stagger_5_6_7_7_7_j27    obj=0.107725348 check=0.131193516 ok=True far=(0.0000,0.2067)
331 stagger_5_6_7_7_7_j26    obj=0.107746465 check=0.130346893 ok=True far=(0.1844,0.0000)
340 stagger_5_6_7_7_7_j35    obj=0.108028392 check=0.129270581 ok=True far=(0.1967,0.1844)
338 stagger_5_6_7_7_7_j33    obj=0.108013163 check=0.129156231 ok=True far=(0.4000,0.0000)
335 stagger_5_6_7_7_7_j30    obj=0.108076099 check=0.128889421 ok=True far=(0.0000,0.1711)
336 stagger_5_6_7_7_7_j31    obj=0.109053764 check=0.131103016 ok=True far=(0.8033,0.0000)
346 stagger_5_6_7_7_7_j41    obj=0.107264002 check=0.129875823 ok=True far=(0.1833,0.0000)
341 stagger_5_6_7_7_7_j36    obj=0.108433258 check=0.130096701 ok=True far=(0.5889,0.0000)
351 stagger_5_6_7_7_7_j46    obj=0.108696713 check=0.129928589 ok=True far=(0.0000,0.1833)
354 stagger_5_6_7_7_7_j49    obj=0.108652531 check=0.129266102 ok=True far=(0.3667,0.0000)
344 stagger_5_6_7_7_7_j39    obj=0.108203178 check=0.128672442 ok=True far=(0.0000,0.3778)
345 stagger_5_6_7_7_7_j40    obj=0.108988424 check=0.130064096 ok=True far=(0.7789,0.0000)
349 stagger_5_6_7_7_7_j44    obj=0.108406127 check=0.130234903 ok=True far=(0.5889,0.0000)
350 stagger_5_6_7_7_7_j45    obj=0.109564729 check=0.131558882 ok=True far=(0.3633,0.0000)
347 stagger_5_6_7_7_7_j42    obj=0.109561067 check=0.130775829 ok=True far=(0.1733,0.0000)
355 stagger_5_6_7_7_7_j50    obj=0.109500068 check=0.130307935 ok=True far=(0.1800,0.1867)
348 stagger_5_6_7_7_7_j43    obj=0.108304121 check=0.129961856 ok=True far=(0.5900,0.0000)
360 stagger_5_6_7_7_7_j55    obj=0.108253896 check=0.130345075 ok=True far=(0.5778,0.0000)
362 stagger_5_6_7_7_7_j57    obj=0.108501586 check=0.129659962 ok=True far=(0.2044,0.1778)
359 stagger_5_6_7_7_7_j54    obj=0.108703272 check=0.129694449 ok=True far=(0.2078,0.1733)
352 stagger_5_6_7_7_7_j47    obj=0.107340749 check=0.128171797 ok=True far=(0.6111,0.1822)
363 stagger_5_6_7_7_7_j58    obj=0.107730415 check=0.128330120 ok=True far=(0.5778,0.0000)
365 stagger_5_6_7_7_7_j60    obj=0.108917321 check=0.130383049 ok=True far=(0.7778,0.1244)
343 stagger_5_6_7_7_7_j38    obj=0.107388213 check=0.127760044 ok=True far=(0.5778,0.0000)
337 stagger_5_6_7_7_7_j32    obj=0.107211505 check=0.127941903 ok=True far=(0.3767,0.0000)
370 stagger_5_6_7_7_7_j65    obj=0.108419673 check=0.130171057 ok=True far=(0.3778,0.0000)
361 stagger_5_6_7_7_7_j56    obj=0.107634081 check=0.128017568 ok=True far=(0.5989,0.0000)
367 stagger_5_6_7_7_7_j62    obj=0.108134233 check=0.128949547 ok=True far=(0.5667,0.0000)
368 stagger_5_6_7_7_7_j63    obj=0.108771200 check=0.129932071 ok=True far=(0.3544,0.0000)
342 stagger_5_6_7_7_7_j37    obj=0.107253044 check=0.130717346 ok=False far=(0.0000,0.3856)
369 stagger_5_6_7_7_7_j64    obj=0.108708190 check=0.130472843 ok=True far=(0.5789,0.0000)
372 stagger_5_6_7_7_7_j67    obj=0.107976116 check=0.127842489 ok=True far=(0.2056,0.0000)
366 stagger_5_6_7_7_7_j61    obj=0.109590423 check=0.130812867 ok=True far=(0.2122,0.3333)
371 stagger_5_6_7_7_7_j66    obj=0.108893348 check=0.131257913 ok=True far=(0.5778,0.0000)
375 stagger_5_6_7_7_7_j70    obj=0.109112540 check=0.129938284 ok=True far=(0.2200,0.1922)
353 stagger_5_6_7_7_7_j48    obj=0.107565490 check=0.130599158 ok=False far=(0.1878,0.1700)
357 stagger_5_6_7_7_7_j52    obj=0.109315117 check=0.130556431 ok=False far=(0.7922,0.1500)
356 stagger_5_6_7_7_7_j51    obj=0.107178827 check=0.128586976 ok=True far=(0.0000,0.3278)
374 stagger_5_6_7_7_7_j69    obj=0.108574448 check=0.130865171 ok=True far=(0.1967,0.1622)
377 stagger_5_6_7_7_7_j72    obj=0.109174096 check=0.134018996 ok=True far=(0.1956,0.1733)
385 stagger_5_6_7_7_7_j80    obj=0.107081557 check=0.127463608 ok=True far=(0.1856,0.0000)
376 stagger_5_6_7_7_7_j71    obj=0.108674813 check=0.130429073 ok=True far=(0.2078,0.3389)
387 stagger_5_6_7_7_7_j82    obj=0.108634516 check=0.130797496 ok=True far=(0.3900,0.1700)
358 stagger_5_6_7_7_7_j53    obj=0.110923851 check=0.136170279 ok=True far=(0.0000,0.2389)
364 stagger_5_6_7_7_7_j59    obj=0.108508533 check=0.129701246 ok=False far=(0.0000,0.1722)
379 stagger_5_6_7_7_7_j74    obj=0.108643619 check=0.132815320 ok=True far=(0.3878,0.1700)
386 stagger_5_6_7_7_7_j81    obj=0.108523130 check=0.130272844 ok=True far=(0.7700,0.0000)
380 stagger_5_6_7_7_7_j75    obj=0.108788094 check=0.129896662 ok=True far=(0.2156,0.2078)
384 stagger_5_6_7_7_7_j79    obj=0.107414242 check=0.129740957 ok=True far=(0.1833,0.0000)
373 stagger_5_6_7_7_7_j68    obj=0.108445940 check=0.129720850 ok=True far=(0.5889,0.0000)
378 stagger_5_6_7_7_7_j73    obj=0.107028161 check=0.126939952 ok=True far=(0.1956,0.0000)
382 stagger_5_6_7_7_7_j77    obj=0.107967439 check=0.129629756 ok=True far=(0.5789,0.0000)
388 stagger_5_6_7_7_7_j83    obj=0.106333445 check=0.125640230 ok=True far=(0.0000,0.7811)
389 stagger_5_6_7_7_7_j84    obj=0.108325396 check=0.131428725 ok=True far=(0.3756,0.0000)
390 stagger_5_6_7_7_7_j85    obj=0.108820739 check=0.129342560 ok=True far=(0.1933,0.0000)
381 stagger_5_6_7_7_7_j76    obj=0.109604134 check=0.131259878 ok=True far=(0.3444,0.0000)
394 stagger_5_6_7_7_7_j89    obj=0.109105524 check=0.129255615 ok=True far=(0.1211,0.5878)
383 stagger_5_6_7_7_7_j78    obj=0.107693334 check=0.128793278 ok=True far=(0.2078,0.3489)
393 stagger_5_6_7_7_7_j88    obj=0.108300215 check=0.130641789 ok=True far=(0.5889,0.0000)
395 stagger_5_6_7_7_7_j90    obj=0.108744523 check=0.131051795 ok=True far=(0.3856,0.0000)
398 stagger_5_6_7_7_7_j93    obj=0.107703266 check=0.130997769 ok=True far=(0.1967,0.0000)
396 stagger_5_6_7_7_7_j91    obj=0.109139658 check=0.130384387 ok=True far=(0.2067,0.3422)
391 stagger_5_6_7_7_7_j86    obj=0.109186880 check=0.131337179 ok=True far=(0.2156,0.3333)
400 stagger_5_6_7_7_7_j95    obj=0.109236874 check=0.130130304 ok=True far=(0.0000,0.1844)
404 stagger_5_6_7_7_7_j99    obj=0.108839586 check=0.129439360 ok=True far=(0.2000,0.3322)
397 stagger_5_6_7_7_7_j92    obj=0.108466797 check=0.130649325 ok=True far=(0.5889,0.0000)
401 stagger_5_6_7_7_7_j96    obj=0.108422049 check=0.130388835 ok=True far=(0.5900,0.0000)
402 stagger_5_6_7_7_7_j97    obj=0.109048004 check=0.131186219 ok=True far=(0.5878,0.0000)
407 random_2                 obj=0.108140069 check=0.128549198 ok=True far=(1.0000,0.8000)
392 stagger_5_6_7_7_7_j87    obj=0.108261023 check=0.130300903 ok=False far=(0.2167,0.3389)
405 random_0                 obj=0.107940672 check=0.129535512 ok=True far=(0.5778,0.0000)
403 stagger_5_6_7_7_7_j98    obj=0.111404456 check=0.135047060 ok=True far=(0.0000,0.2378)
410 random_5                 obj=0.108186370 check=0.129249902 ok=True far=(0.0000,0.7800)
399 stagger_5_6_7_7_7_j94    obj=0.108046439 check=0.129533199 ok=False far=(0.1967,0.1833)
408 random_3                 obj=0.109621744 check=0.132976124 ok=True far=(0.2300,0.0000)
417 random_12                obj=0.110250645 check=0.131769384 ok=True far=(0.0000,0.3644)
409 random_4                 obj=0.110463151 check=0.132150814 ok=False far=(0.0000,0.2289)
414 random_9                 obj=0.107103440 check=0.128596986 ok=False far=(0.8856,0.2267)
411 random_6                 obj=0.107468034 check=0.127797020 ok=False far=(1.0000,0.7611)
415 random_10                obj=0.106690914 check=0.126835023 ok=False far=(0.2422,0.1633)
412 random_7                 obj=0.109066563 check=0.131485516 ok=False far=(0.4189,1.0000)
416 random_11                obj=0.110023814 check=0.134041060 ok=False far=(0.0000,0.2378)
406 random_1                 obj=0.109432946 check=0.130477579 ok=False far=(1.0000,0.4089)
413 random_8                 obj=0.107382205 check=0.127303531 ok=False far=(0.5744,0.7700)
418 random_13                obj=0.112639707 check=0.135786082 ok=False far=(0.2533,1.0000)
421 random_16                obj=0.110761093 check=0.134517708 ok=False far=(1.0000,0.2622)
419 random_14                obj=0.109873246 check=0.130676890 ok=False far=(1.0000,0.7589)
420 random_15                obj=0.108687791 check=0.130172790 ok=False far=(0.2167,0.2444)
423 random_18                obj=0.116082283 check=0.139563006 ok=False far=(0.7489,1.0000)
424 random_19                obj=0.107414801 check=0.128963683 ok=False far=(1.0000,0.7811)
425 random_20                obj=0.106011880 check=0.126778900 ok=False far=(0.6933,0.6222)
422 random_17                obj=0.107422621 check=0.128854676 ok=False far=(0.7711,0.0000)
427 random_22                obj=0.113777158 check=0.136311464 ok=False far=(0.4356,0.7589)
426 random_21                obj=0.111142496 check=0.135296280 ok=False far=(0.7456,0.0000)
429 random_24                obj=0.105874711 check=0.126008301 ok=False far=(0.7844,0.1867)
428 random_23                obj=0.106136702 check=0.127693884 ok=False far=(0.8767,0.2200)
433 random_28                obj=0.110455300 check=0.134776195 ok=False far=(0.8889,0.7589)
430 random_25                obj=0.107433182 check=0.128495494 ok=False far=(1.0000,0.1711)
432 random_27                obj=0.108557717 check=0.129532393 ok=False far=(1.0000,0.7689)
431 random_26                obj=0.112339768 check=0.136416753 ok=False far=(0.0000,0.2656)
434 random_29                obj=0.106711443 check=0.128434162 ok=False far=(0.8011,0.3744)
436 random_31                obj=0.107558575 check=0.129601235 ok=False far=(0.7822,0.0000)
435 random_30                obj=0.111603247 check=0.135970357 ok=False far=(1.0000,0.2533)
437 random_32                obj=0.108172866 check=0.130545592 ok=False far=(0.2278,0.1244)
438 random_33                obj=0.106927182 check=0.129312519 ok=False far=(0.2178,1.0000)
439 random_34                obj=0.106175338 check=0.126568381 ok=False far=(0.4078,0.1933)
446 random_41                obj=0.107048342 check=0.129612997 ok=True far=(0.0000,0.8167)
441 random_36                obj=0.106596229 check=0.126673101 ok=False far=(0.0000,0.1944)
440 random_35                obj=0.110786736 check=0.134039243 ok=False far=(0.7600,1.0000)
445 random_40                obj=0.107327922 check=0.127127633 ok=True far=(0.7600,0.0000)
443 random_38                obj=0.107922075 check=0.129053899 ok=False far=(0.7867,0.7611)
442 random_37                obj=0.109050485 check=0.129891251 ok=False far=(0.0000,0.1722)
453 random_48                obj=0.107465380 check=0.127995352 ok=True far=(0.2189,0.2967)
444 random_39                obj=0.111477738 check=0.133731023 ok=False far=(0.8733,0.2300)
451 random_46                obj=0.109945851 check=0.133963136 ok=False far=(0.2278,1.0000)
454 random_49                obj=0.107041550 check=0.127070846 ok=True far=(0.6333,0.3744)
449 random_44                obj=0.109649399 check=0.131218069 ok=False far=(0.7467,0.0000)
448 random_43                obj=0.112226413 check=0.136454397 ok=False far=(0.7589,0.1144)
450 random_45                obj=0.109288593 check=0.130171293 ok=False far=(0.6567,1.0000)
447 random_42                obj=0.112088786 check=0.135517248 ok=False far=(0.2644,0.0000)
455 random_50                obj=0.107560227 check=0.130040695 ok=False far=(0.5356,0.0000)
461 random_56                obj=0.107224912 check=0.127387171 ok=True far=(0.8844,1.0000)
452 random_47                obj=0.111149957 check=0.133237014 ok=False far=(0.8989,0.2422)
456 random_51                obj=0.109038452 check=0.130579258 ok=False far=(0.2178,0.6489)
457 random_52                obj=0.112288392 check=0.135236399 ok=False far=(1.0000,0.7456)
459 random_54                obj=0.111519980 check=0.133427669 ok=False far=(0.7711,0.0000)
460 random_55                obj=0.108840436 check=0.131169915 ok=False far=(0.6300,0.1833)
458 random_53                obj=0.110118097 check=0.131706971 ok=False far=(0.7189,0.2511)
462 random_57                obj=0.109117512 check=0.131072703 ok=False far=(0.0533,0.4889)
464 random_59                obj=0.106781195 check=0.127819212 ok=False far=(0.8689,0.2144)
468 random_63                obj=0.106424792 check=0.127009890 ok=True far=(0.4100,0.0000)
465 random_60                obj=0.110102810 check=0.130574842 ok=False far=(0.4233,0.0000)
463 random_58                obj=0.107611105 check=0.128611123 ok=False far=(1.0000,0.4222)
466 random_61                obj=0.106051223 check=0.127227296 ok=False far=(0.0000,0.1500)
470 random_65                obj=0.107899735 check=0.128440984 ok=False far=(0.6944,0.7722)
469 random_64                obj=0.107458542 check=0.129037815 ok=False far=(0.6133,1.0000)
467 random_62                obj=0.107132910 check=0.128409749 ok=True far=(0.8033,0.0000)
486 random_81                obj=0.105906458 check=0.125945220 ok=True far=(0.8589,0.2044)
473 random_68                obj=0.107756708 check=0.129160549 ok=False far=(1.0000,0.7800)
472 random_67                obj=0.105594325 check=0.128064252 ok=False far=(0.1967,1.0000)
478 random_73                obj=0.107944951 check=0.128694780 ok=True far=(0.0000,0.1867)
471 random_66                obj=0.113471035 check=0.135304051 ok=False far=(0.4889,1.0000)
482 random_77                obj=0.107665419 check=0.129244705 ok=True far=(0.2378,0.0000)
475 random_70                obj=0.107178577 check=0.126724821 ok=True far=(0.7822,0.1800)
481 random_76                obj=0.109119535 check=0.130181676 ok=True far=(1.0000,0.2311)
477 random_72                obj=0.107343833 check=0.128232620 ok=True far=(0.7933,0.0000)
479 random_74                obj=0.108686302 check=0.130165578 ok=True far=(0.4344,0.7933)
476 random_71                obj=0.106983228 check=0.128092255 ok=False far=(0.6356,0.8011)
474 random_69                obj=0.108405152 check=0.131818744 ok=False far=(0.0000,0.4111)
480 random_75                obj=0.106061606 check=0.127568991 ok=True far=(0.2289,1.0000)
483 random_78                obj=0.107104030 check=0.127550997 ok=True far=(0.6122,0.0000)
484 random_79                obj=0.112994170 check=0.137284134 ok=False far=(1.0000,0.2511)
487 random_82                obj=0.106647133 check=0.126966285 ok=False far=(1.0000,0.8156)
485 random_80                obj=0.107585946 check=0.129961329 ok=False far=(0.2044,0.8422)
488 random_83                obj=0.111132392 check=0.135818419 ok=False far=(0.2389,0.0000)
489 random_84                obj=0.107116321 check=0.126957918 ok=False far=(0.7956,0.2211)
492 random_87                obj=0.109320834 check=0.130852924 ok=True far=(0.0000,0.2267)
491 random_86                obj=0.108971716 check=0.130044975 ok=True far=(0.7733,0.5778)
490 random_85                obj=0.112615952 check=0.136793823 ok=False far=(0.4978,1.0000)
493 random_88                obj=0.106046014 check=0.127462613 ok=True far=(0.6189,0.1856)
495 random_90                obj=0.107443421 check=0.128873448 ok=True far=(0.2422,0.2289)
494 random_89                obj=0.105607429 check=0.126102493 ok=False far=(0.0000,0.7811)
496 random_91                obj=0.111948416 check=0.135875040 ok=False far=(0.0889,0.2522)
509 random_104               obj=0.109884949 check=0.132434283 ok=True far=(0.4922,0.5678)
498 random_93                obj=0.107820673 check=0.131246647 ok=False far=(0.7844,1.0000)
502 random_97                obj=0.105820207 check=0.127583197 ok=True far=(0.8422,0.5789)
499 random_94                obj=0.107033384 check=0.128861698 ok=False far=(0.7811,0.1278)
497 random_92                obj=0.105954584 check=0.126343299 ok=False far=(0.0000,0.7956)
500 random_95                obj=0.106091730 check=0.127981709 ok=False far=(1.0000,0.6356)
503 random_98                obj=0.107453179 check=0.129444074 ok=False far=(0.2067,0.7578)
504 random_99                obj=0.106600894 check=0.128629839 ok=False far=(0.6089,0.3856)
501 random_96                obj=0.107222025 check=0.128951908 ok=False far=(0.7711,1.0000)
512 random_107               obj=0.105407526 check=0.125768806 ok=True far=(0.2044,0.1411)
508 random_103               obj=0.105851082 check=0.126664570 ok=True far=(1.0000,0.8056)
510 random_105               obj=0.107008358 check=0.127966138 ok=False far=(0.0000,0.4567)
505 random_100               obj=0.108672026 check=0.132124102 ok=False far=(0.0000,0.7489)
506 random_101               obj=0.108822238 check=0.132627912 ok=False far=(0.4222,0.0000)
513 random_108               obj=0.106650225 check=0.126307174 ok=False far=(0.0000,0.1933)
507 random_102               obj=0.107376942 check=0.128939685 ok=False far=(0.0000,0.2300)
511 random_106               obj=0.114290475 check=0.136964084 ok=False far=(0.5256,1.0000)
515 random_110               obj=0.111146309 check=0.133752537 ok=False far=(0.0733,0.2533)
514 random_109               obj=0.109109002 check=0.131059418 ok=False far=(0.2300,1.0000)
516 random_111               obj=0.108248239 check=0.129168844 ok=False far=(0.4556,1.0000)
517 random_112               obj=0.111398231 check=0.134474394 ok=False far=(0.7478,0.0789)
522 random_117               obj=0.110912714 check=0.136955670 ok=False far=(0.2400,1.0000)
521 random_116               obj=0.110823156 check=0.133316446 ok=False far=(0.0000,0.5122)
526 random_121               obj=0.104626042 check=0.124766702 ok=True far=(0.7833,0.2122)
518 random_113               obj=0.111692874 check=0.134951082 ok=False far=(0.0000,0.7833)
525 random_120               obj=0.108261746 check=0.129367160 ok=True far=(0.7611,1.0000)
519 random_114               obj=0.110685368 check=0.131888149 ok=False far=(0.0000,0.5678)
520 random_115               obj=0.105711295 check=0.125030017 ok=False far=(0.2278,1.0000)
523 random_118               obj=0.110658044 check=0.133701033 ok=False far=(0.3756,0.1289)
524 random_119               obj=0.107872613 check=0.128210349 ok=False far=(0.2000,0.3978)
528 random_123               obj=0.105124100 check=0.126080242 ok=True far=(0.8056,1.0000)
527 random_122               obj=0.106842815 check=0.128465306 ok=False far=(0.8178,0.0000)
540 random_135               obj=0.108454950 check=0.129163722 ok=True far=(1.0000,0.1933)
538 random_133               obj=0.106545334 check=0.127234686 ok=True far=(0.2711,0.3856)
535 random_130               obj=0.108074189 check=0.132085530 ok=True far=(0.0000,0.1367)
531 random_126               obj=0.109575401 check=0.134681507 ok=False far=(0.7833,1.0000)
532 random_127               obj=0.109171784 check=0.130750211 ok=False far=(0.4089,0.1656)
542 random_137               obj=0.107516054 check=0.127997341 ok=True far=(0.2300,0.0000)
529 random_124               obj=0.107648139 check=0.128777663 ok=False far=(0.1267,0.7800)
545 random_140               obj=0.106936023 check=0.127922707 ok=True far=(0.4200,1.0000)
536 random_131               obj=0.111613708 check=0.133508200 ok=False far=(1.0000,0.7433)
530 random_125               obj=0.107918491 check=0.129287418 ok=False far=(1.0000,0.7900)
534 random_129               obj=0.108591255 check=0.130230547 ok=True far=(0.7133,0.2533)
547 random_142               obj=0.107984878 check=0.128457888 ok=True far=(1.0000,0.7900)
537 random_132               obj=0.112943738 check=0.135289309 ok=False far=(0.2622,0.1467)
533 random_128               obj=0.109841568 check=0.132959034 ok=False far=(0.7578,0.5467)
539 random_134               obj=0.106923686 check=0.127085398 ok=False far=(1.0000,0.1844)
546 random_141               obj=0.108795785 check=0.130143937 ok=False far=(1.0000,0.8578)
544 random_139               obj=0.111430477 check=0.135933656 ok=False far=(0.4800,0.0000)
543 random_138               obj=0.106630042 check=0.126446781 ok=True far=(1.0000,0.8567)
541 random_136               obj=0.106640006 check=0.131064593 ok=False far=(0.0000,0.7944)
548 random_143               obj=0.106935694 check=0.127202552 ok=False far=(0.0000,0.2056)
553 random_148               obj=0.107177012 check=0.131330129 ok=False far=(0.7689,0.0000)
549 random_144               obj=0.107563507 check=0.128325866 ok=False far=(0.7811,0.0000)
551 random_146               obj=0.108427261 check=0.130716481 ok=False far=(1.0000,0.5700)
554 random_149               obj=0.109388054 check=0.132013296 ok=False far=(1.0000,0.3878)
550 random_145               obj=0.105833348 check=0.128376729 ok=False far=(1.0000,0.1967)
555 random_150               obj=0.109106461 check=0.130099729 ok=True far=(0.0000,0.3678)
556 random_151               obj=0.105621153 check=0.128300068 ok=False far=(0.2078,0.1389)
552 random_147               obj=0.107153468 check=0.128534060 ok=False far=(0.0000,0.2078)
557 random_152               obj=0.108739426 check=0.129769591 ok=False far=(0.5911,0.5389)
560 random_155               obj=0.110247518 check=0.132535758 ok=False far=(0.0667,0.7478)
559 random_154               obj=0.109781138 check=0.134548249 ok=False far=(0.2422,0.0000)
558 random_153               obj=0.107885870 check=0.131223618 ok=False far=(0.0000,0.1744)
563 random_158               obj=0.106024357 check=0.128261262 ok=False far=(0.1811,1.0000)
565 random_160               obj=0.107856575 check=0.131137171 ok=True far=(0.6589,1.0000)
561 random_156               obj=0.108149660 check=0.129985551 ok=False far=(0.2078,0.1500)
568 random_163               obj=0.110136067 check=0.131960166 ok=True far=(1.0000,0.7489)
562 random_157               obj=0.111136187 check=0.136366558 ok=False far=(0.2622,1.0000)
564 random_159               obj=0.106769090 check=0.128398264 ok=False far=(0.0000,0.6900)
569 random_164               obj=0.108744348 check=0.131799575 ok=False far=(1.0000,0.3878)
566 random_161               obj=0.110336587 check=0.133536214 ok=False far=(0.7667,0.4989)
570 random_165               obj=0.107011857 check=0.126937704 ok=False far=(0.6267,1.0000)
571 random_166               obj=0.110038146 check=0.131790153 ok=False far=(0.1000,0.7467)
567 random_162               obj=0.111170652 check=0.133808636 ok=False far=(0.0000,0.2044)
572 random_167               obj=0.107561425 check=0.129082547 ok=False far=(0.0000,0.1711)
589 random_184               obj=0.105680684 check=0.125463292 ok=True far=(0.6800,0.4567)
573 random_168               obj=0.109119419 check=0.131730987 ok=False far=(1.0000,0.5011)
576 random_171               obj=0.109635737 check=0.131061338 ok=False far=(0.2389,0.2211)
574 random_169               obj=0.106338202 check=0.127941057 ok=True far=(0.7956,0.1489)
575 random_170               obj=0.111335758 check=0.135627365 ok=False far=(1.0000,0.2333)
584 random_179               obj=0.106608853 check=0.127724707 ok=True far=(0.1611,0.8056)
579 random_174               obj=0.110667296 check=0.133490598 ok=False far=(0.0000,0.1389)
590 random_185               obj=0.106933928 check=0.127376693 ok=True far=(1.0000,0.3633)
581 random_176               obj=0.107126675 check=0.128152608 ok=True far=(0.7578,1.0000)
578 random_173               obj=0.115037300 check=0.139180175 ok=False far=(0.7256,0.0000)
583 random_178               obj=0.110222407 check=0.133425980 ok=False far=(0.5011,0.9056)
580 random_175               obj=0.111587961 check=0.135937717 ok=False far=(0.0000,0.2533)
585 random_180               obj=0.107093154 check=0.128027233 ok=False far=(1.0000,0.1333)
577 random_172               obj=0.108046645 check=0.129615361 ok=False far=(0.6344,0.2333)
582 random_177               obj=0.109125064 check=0.130726031 ok=False far=(0.7933,0.2433)
586 random_181               obj=0.105037052 check=0.123880541 ok=False far=(0.7956,0.4067)
588 random_183               obj=0.106021566 check=0.125892126 ok=True far=(0.7700,1.0000)
587 random_182               obj=0.109070836 check=0.130706031 ok=False far=(0.8067,0.8289)
591 random_186               obj=0.108853303 check=0.130133249 ok=False far=(0.5111,1.0000)
592 random_187               obj=0.107356256 check=0.127955400 ok=False far=(0.8422,0.1967)
604 random_199               obj=0.107766427 check=0.128819081 ok=True far=(1.0000,0.4400)
594 random_189               obj=0.107847950 check=0.129662226 ok=True far=(0.6011,0.0000)
601 random_196               obj=0.107331485 check=0.128100195 ok=True far=(0.3333,0.7878)
593 random_188               obj=0.108529997 check=0.130803450 ok=False far=(0.1844,1.0000)
597 random_192               obj=0.109385849 check=0.131785165 ok=False far=(0.3856,0.2544)
595 random_190               obj=0.110462151 check=0.134496397 ok=False far=(0.2556,0.0000)
596 random_191               obj=0.107127321 check=0.128521739 ok=False far=(0.2089,0.5667)
599 random_194               obj=0.107511806 check=0.128246788 ok=False far=(0.0000,0.6011)
598 random_193               obj=0.108575092 check=0.129586835 ok=False far=(1.0000,0.2078)
602 random_197               obj=0.107776365 check=0.129333065 ok=False far=(0.5656,1.0000)
600 random_195               obj=0.110559786 check=0.134728491 ok=False far=(0.9200,0.7478)
607 random_202               obj=0.108277957 check=0.130436196 ok=False far=(0.8056,0.8289)
603 random_198               obj=0.107388691 check=0.126985325 ok=False far=(0.3689,1.0000)
617 random_212               obj=0.107667051 check=0.129268568 ok=True far=(1.0000,0.4567)
606 random_201               obj=0.108133829 check=0.127771254 ok=False far=(0.1744,0.1822)
605 random_200               obj=0.108879256 check=0.127726631 ok=False far=(0.6911,0.8178)
618 random_213               obj=0.107958055 check=0.128137585 ok=True far=(0.6200,0.5822)
609 random_204               obj=0.106383161 check=0.129302352 ok=False far=(0.2278,0.1167)
610 random_205               obj=0.108097708 check=0.130797349 ok=False far=(0.4411,0.0000)
608 random_203               obj=0.110295524 check=0.134982560 ok=False far=(0.5011,0.0000)
612 random_207               obj=0.106315857 check=0.126886554 ok=False far=(0.9000,0.7700)
613 random_208               obj=0.112497892 check=0.138513159 ok=False far=(0.2167,1.0000)
616 random_211               obj=0.106605050 check=0.128217738 ok=True far=(0.0000,0.8678)
611 random_206               obj=0.107258283 check=0.128586164 ok=False far=(0.7833,0.1278)
615 random_210               obj=0.108577747 check=0.131360262 ok=False far=(0.3333,1.0000)
614 random_209               obj=0.107498973 check=0.127658690 ok=False far=(0.1967,0.5556)
619 random_214               obj=0.107226957 check=0.126920842 ok=False far=(0.1078,0.7733)
620 random_215               obj=0.108173507 check=0.131252754 ok=False far=(0.2156,1.0000)
621 random_216               obj=0.105191167 check=0.126638547 ok=False far=(1.0000,0.2078)
622 random_217               obj=0.105657220 check=0.127971224 ok=False far=(1.0000,0.5889)
623 random_218               obj=0.112449721 check=0.134489341 ok=False far=(1.0000,0.5100)
624 random_219               obj=0.107377375 check=0.130799626 ok=True far=(1.0000,0.8156)
628 random_223               obj=0.106889993 check=0.129658501 ok=True far=(0.1789,0.8133)
626 random_221               obj=0.108145467 check=0.131316128 ok=False far=(0.1756,1.0000)
625 random_220               obj=0.112046868 check=0.135323009 ok=False far=(0.2644,1.0000)
633 random_228               obj=0.105629913 check=0.126142389 ok=True far=(0.7989,0.5367)
630 random_225               obj=0.107092716 check=0.126903124 ok=False far=(0.4333,0.3522)
639 random_234               obj=0.108022410 check=0.128974029 ok=True far=(0.7933,0.6478)
627 random_222               obj=0.113332332 check=0.135635249 ok=False far=(0.2433,0.8944)
632 random_227               obj=0.108186728 check=0.131483103 ok=False far=(0.8033,1.0000)
629 random_224               obj=0.107690813 check=0.129046265 ok=False far=(0.7922,1.0000)
631 random_226               obj=0.106281148 check=0.128152437 ok=False far=(0.7922,0.8556)
636 random_231               obj=0.107704449 check=0.128921793 ok=False far=(0.8733,0.2189)
638 random_233               obj=0.108995547 check=0.131148292 ok=False far=(1.0000,0.1611)
640 random_235               obj=0.107671760 check=0.131200965 ok=True far=(0.2200,1.0000)
637 random_232               obj=0.110084073 check=0.132319911 ok=False far=(0.2378,0.2100)
634 random_229               obj=0.107678222 check=0.129372158 ok=False far=(0.4133,0.1956)
635 random_230               obj=0.107005680 check=0.127435570 ok=False far=(0.7667,0.5556)
642 random_237               obj=0.108168542 check=0.129662136 ok=False far=(0.0000,0.5100)
643 random_238               obj=0.114253754 check=0.137282177 ok=False far=(0.4678,1.0000)
645 random_240               obj=0.109077634 check=0.132071670 ok=False far=(1.0000,0.8367)
646 random_241               obj=0.105433068 check=0.127538561 ok=False far=(0.1844,0.0000)
641 random_236               obj=0.106448040 check=0.129483948 ok=False far=(0.6378,0.4422)
650 random_245               obj=0.107927561 check=0.127715501 ok=True far=(0.8011,0.8478)
648 random_243               obj=0.107846450 check=0.129217519 ok=False far=(1.0000,0.5211)
644 random_239               obj=0.109758367 check=0.134254308 ok=False far=(1.0000,0.7500)
649 random_244               obj=0.110807624 check=0.133699819 ok=False far=(0.4889,0.0000)
647 random_242               obj=0.108146104 check=0.130512247 ok=False far=(0.8500,0.7922)
651 random_246               obj=0.106535237 check=0.126671442 ok=True far=(0.1722,0.2111)
667 random_262               obj=0.107344362 check=0.127785039 ok=True far=(0.6111,0.4922)
652 random_247               obj=0.114336290 check=0.137546865 ok=False far=(0.0000,0.7511)
655 random_250               obj=0.109368778 check=0.130932594 ok=True far=(1.0000,0.7722)
653 random_248               obj=0.112746494 check=0.137810351 ok=False far=(0.0000,0.2644)
654 random_249               obj=0.110342606 check=0.133109125 ok=False far=(0.0000,0.2411)
656 random_251               obj=0.107152779 check=0.130116577 ok=True far=(0.8733,1.0000)
657 random_252               obj=0.112199347 check=0.135952108 ok=False far=(0.1144,0.2422)
659 random_254               obj=0.107272562 check=0.128694338 ok=True far=(1.0000,0.3867)
663 random_258               obj=0.104885128 check=0.125659908 ok=True far=(0.2189,1.0000)
665 random_260               obj=0.105158718 check=0.127382424 ok=True far=(0.0000,0.8500)
661 random_256               obj=0.113757947 check=0.138107217 ok=False far=(0.0000,0.2533)
658 random_253               obj=0.105668211 check=0.126540392 ok=False far=(0.4200,0.7989)
664 random_259               obj=0.111898071 check=0.136419636 ok=False far=(1.0000,0.7500)
662 random_257               obj=0.107484629 check=0.128935326 ok=False far=(1.0000,0.7922)
666 random_261               obj=0.105938924 check=0.124871283 ok=True far=(1.0000,0.3978)
660 random_255               obj=0.113372440 check=0.137442226 ok=False far=(0.0000,0.5111)
668 random_263               obj=0.110900050 check=0.134583069 ok=False far=(0.2633,0.0000)
669 random_264               obj=0.108705801 check=0.130438617 ok=False far=(0.0833,0.2411)
677 random_272               obj=0.108861559 check=0.130089737 ok=True far=(0.7567,0.4667)
671 random_266               obj=0.107642760 check=0.129604920 ok=False far=(0.0000,0.8400)
681 random_276               obj=0.107325382 check=0.127072901 ok=True far=(0.8067,0.4478)
675 random_270               obj=0.111775410 check=0.135736845 ok=False far=(0.2411,0.1133)
674 random_269               obj=0.106707044 check=0.126887873 ok=False far=(0.2222,0.1956)
673 random_268               obj=0.105752807 check=0.127416623 ok=True far=(1.0000,0.8144)
676 random_271               obj=0.108074756 check=0.128972051 ok=True far=(0.2378,1.0000)
672 random_267               obj=0.110768316 check=0.133133113 ok=False far=(0.0000,0.2322)
678 random_273               obj=0.105672740 check=0.126468459 ok=True far=(0.8267,0.0000)
670 random_265               obj=0.112309187 check=0.134481079 ok=False far=(1.0000,0.7367)
687 random_282               obj=0.107235945 check=0.128029256 ok=True far=(0.4100,0.0000)
683 random_278               obj=0.106836096 check=0.130206237 ok=True far=(0.7833,0.5622)
679 random_274               obj=0.107439894 check=0.127555708 ok=False far=(0.7600,0.8422)
682 random_277               obj=0.109265204 check=0.131149862 ok=False far=(0.2311,0.2289)
684 random_279               obj=0.109121253 check=0.130873233 ok=False far=(1.0000,0.8378)
680 random_275               obj=0.114544984 check=0.137182981 ok=False far=(0.3289,0.3344)
686 random_281               obj=0.111611119 check=0.135100240 ok=False far=(0.0000,0.7344)
685 random_280               obj=0.109322442 check=0.130694714 ok=False far=(0.6200,0.7933)
688 random_283               obj=0.106278175 check=0.127546260 ok=False far=(0.6600,0.5678)
690 random_285               obj=0.105163961 check=0.125169860 ok=False far=(0.0000,0.6022)
702 random_297               obj=0.106760489 check=0.127550370 ok=True far=(0.4233,0.7922)
689 random_284               obj=0.107510441 check=0.128214380 ok=True far=(0.5989,0.1889)
692 random_287               obj=0.109057254 check=0.131031684 ok=True far=(0.2189,0.0000)
691 random_286               obj=0.111717191 check=0.133960636 ok=False far=(0.2522,1.0000)
694 random_289               obj=0.108171202 check=0.130816367 ok=False far=(0.2189,0.0000)
696 random_291               obj=0.106857369 check=0.127102758 ok=False far=(0.1956,0.4256)
693 random_288               obj=0.105551352 check=0.126839338 ok=False far=(0.8167,1.0000)
695 random_290               obj=0.107080207 check=0.127649538 ok=False far=(0.2367,0.0000)
703 random_298               obj=0.106539680 check=0.127043048 ok=True far=(0.7689,0.5278)
706 random_301               obj=0.106543485 check=0.128164512 ok=True far=(0.8556,0.7922)
697 random_292               obj=0.109052864 check=0.130295378 ok=False far=(0.2344,0.2067)
708 random_303               obj=0.108085982 check=0.130656418 ok=True far=(1.0000,0.4322)
701 random_296               obj=0.111307269 check=0.134538966 ok=False far=(1.0000,0.7444)
698 random_293               obj=0.106951966 check=0.127441308 ok=False far=(0.1622,0.8067)
716 random_311               obj=0.106111358 check=0.125540039 ok=True far=(0.2100,0.8033)
700 random_295               obj=0.115095964 check=0.137822222 ok=False far=(0.0000,0.2533)
699 random_294               obj=0.107132639 check=0.128523900 ok=False far=(0.1867,0.7633)
704 random_299               obj=0.107821334 check=0.130081030 ok=False far=(0.0000,0.7733)
705 random_300               obj=0.108395277 check=0.130364932 ok=False far=(0.7133,1.0000)
714 random_309               obj=0.105947628 check=0.125958090 ok=True far=(0.1833,0.0000)
707 random_302               obj=0.106602339 check=0.129868744 ok=False far=(0.2289,1.0000)
709 random_304               obj=0.107492102 check=0.128477592 ok=True far=(0.2067,1.0000)
710 random_305               obj=0.107549626 check=0.128115549 ok=False far=(0.0000,0.1967)
712 random_307               obj=0.110701638 check=0.132492702 ok=False far=(1.0000,0.8233)
713 random_308               obj=0.108924856 check=0.130342286 ok=False far=(0.0000,0.5467)
711 random_306               obj=0.111359096 check=0.134886237 ok=False far=(0.5678,0.0000)
715 random_310               obj=0.107306681 check=0.128371758 ok=True far=(0.2156,1.0000)
719 random_314               obj=0.108490782 check=0.129420400 ok=False far=(0.2444,0.8344)
718 random_313               obj=0.106879721 check=0.126533009 ok=False far=(0.6033,0.0000)
721 random_316               obj=0.109637900 check=0.131382406 ok=False far=(0.8133,0.4222)
722 random_317               obj=0.108972677 check=0.132256930 ok=False far=(0.2178,0.0000)
731 random_326               obj=0.110072810 check=0.131802944 ok=True far=(1.0000,0.8489)
717 random_312               obj=0.107274580 check=0.127575255 ok=False far=(0.2411,0.8233)
724 random_319               obj=0.107116395 check=0.129143325 ok=False far=(1.0000,0.6244)
720 random_315               obj=0.108874133 check=0.131267336 ok=False far=(0.0000,0.3678)
725 random_320               obj=0.107587541 check=0.129346336 ok=False far=(0.2511,0.1989)
727 random_322               obj=0.104898079 check=0.124702038 ok=False far=(0.7811,0.5411)
726 random_321               obj=0.108260434 check=0.130247321 ok=False far=(0.1222,1.0000)
741 random_336               obj=0.105335764 check=0.125861798 ok=True far=(0.4656,1.0000)
723 random_318               obj=0.108657203 check=0.128770888 ok=False far=(1.0000,0.2189)
728 random_323               obj=0.106061162 check=0.127022647 ok=False far=(0.4667,1.0000)
729 random_324               obj=0.108620562 check=0.129700199 ok=False far=(0.0000,0.4311)
730 random_325               obj=0.106873719 check=0.128061133 ok=False far=(0.7922,0.2322)
732 random_327               obj=0.110865603 check=0.135050145 ok=False far=(0.4767,0.0000)
733 random_328               obj=0.107297154 check=0.130510214 ok=False far=(0.8389,1.0000)
734 random_329               obj=0.113800957 check=0.137813172 ok=False far=(0.2389,0.2489)
736 random_331               obj=0.106928171 check=0.128729041 ok=False far=(0.0000,0.7667)
737 random_332               obj=0.106790764 check=0.129204659 ok=False far=(0.6233,1.0000)
739 random_334               obj=0.106760778 check=0.127706223 ok=False far=(0.1589,0.8022)
740 random_335               obj=0.108306394 check=0.128803666 ok=False far=(0.2189,0.5844)
746 random_341               obj=0.109539653 check=0.130209679 ok=True far=(0.2122,0.7589)
738 random_333               obj=0.107647834 check=0.130017573 ok=False far=(0.8656,0.2189)
735 random_330               obj=0.108207248 check=0.129273560 ok=False far=(0.7922,1.0000)
742 random_337               obj=0.106267340 check=0.126417001 ok=False far=(0.8833,0.7811)
744 random_339               obj=0.107702281 check=0.127840731 ok=False far=(0.4233,0.4567)
743 random_338               obj=0.106919617 check=0.128024393 ok=False far=(0.8756,0.7811)
745 random_340               obj=0.109403328 check=0.133398684 ok=False far=(0.1933,0.8211)
751 random_346               obj=0.107482124 check=0.127660100 ok=True far=(1.0000,0.7944)
747 random_342               obj=0.107996754 check=0.128823683 ok=False far=(0.5356,1.0000)
749 random_344               obj=0.107818769 check=0.129045028 ok=False far=(0.0000,0.5678)
748 random_343               obj=0.109036747 check=0.131500529 ok=False far=(0.7844,1.0000)
752 random_347               obj=0.108629287 check=0.130596991 ok=False far=(1.0000,0.5111)
768 random_363               obj=0.106757930 check=0.127541398 ok=True far=(0.0000,0.2411)
755 random_350               obj=0.108994231 check=0.131088722 ok=False far=(1.0000,0.2289)
750 random_345               obj=0.109641607 check=0.130714989 ok=False far=(0.1844,1.0000)
753 random_348               obj=0.108163891 check=0.130408854 ok=False far=(0.1611,1.0000)
756 random_351               obj=0.111086340 check=0.133225202 ok=False far=(0.2633,1.0000)
764 random_359               obj=0.105047909 check=0.125625681 ok=True far=(0.7822,0.2900)
759 random_354               obj=0.108418767 check=0.132103906 ok=False far=(1.0000,0.4078)
757 random_352               obj=0.110789904 check=0.133571183 ok=False far=(0.4978,0.9500)
760 random_355               obj=0.107371764 check=0.127413860 ok=False far=(0.3978,0.1833)
758 random_353               obj=0.106709751 check=0.127557312 ok=False far=(1.0000,0.1844)
762 random_357               obj=0.106906190 check=0.128554088 ok=False far=(0.7922,0.8533)
754 random_349               obj=0.113413079 check=0.137587433 ok=False far=(0.7478,1.0000)
763 random_358               obj=0.106711752 check=0.127684841 ok=False far=(0.0000,0.2300)
761 random_356               obj=0.111289180 check=0.133704745 ok=False far=(1.0000,0.4533)
775 random_370               obj=0.105690804 check=0.126487953 ok=True far=(0.0000,0.6267)
766 random_361               obj=0.108078500 check=0.129425396 ok=False far=(0.2278,0.3422)
765 random_360               obj=0.107022835 check=0.129350526 ok=False far=(0.1933,1.0000)
767 random_362               obj=0.112684418 check=0.134899794 ok=False far=(0.0989,0.2500)
769 random_364               obj=0.107196862 check=0.129028786 ok=False far=(0.1389,0.7844)
771 random_366               obj=0.110456370 check=0.133830087 ok=False far=(0.7489,0.0000)
777 random_372               obj=0.109364568 check=0.132348558 ok=True far=(0.0000,0.5000)
772 random_367               obj=0.112166620 check=0.136111687 ok=False far=(0.2533,1.0000)
770 random_365               obj=0.111743142 check=0.132802775 ok=False far=(0.0000,0.6444)
773 random_368               obj=0.107772159 check=0.129399208 ok=False far=(0.0000,0.7822)
776 random_371               obj=0.110883048 check=0.135030704 ok=False far=(0.2389,0.0000)
778 random_373               obj=0.106205701 check=0.126951095 ok=False far=(0.4478,0.7956)
774 random_369               obj=0.110889364 check=0.133143499 ok=False far=(0.0000,0.2622)
780 random_375               obj=0.108397592 check=0.130638235 ok=True far=(0.7689,0.7756)
779 random_374               obj=0.106317080 check=0.126924283 ok=False far=(0.3533,0.0000)
788 random_383               obj=0.108132168 check=0.129655723 ok=True far=(0.7922,0.0000)
781 random_376               obj=0.107472043 check=0.128510160 ok=True far=(0.6867,0.0000)
795 random_390               obj=0.105627758 check=0.125240591 ok=True far=(0.6233,0.0000)
782 random_377               obj=0.107710179 check=0.127828605 ok=False far=(1.0000,0.5211)
797 random_392               obj=0.106348801 check=0.127150717 ok=True far=(0.0000,0.1956)
786 random_381               obj=0.105923064 check=0.126466225 ok=True far=(0.8267,1.0000)
783 random_378               obj=0.108638417 check=0.128317114 ok=False far=(0.8911,0.2278)
784 random_379               obj=0.105741650 check=0.128879922 ok=False far=(1.0000,0.8600)
787 random_382               obj=0.105975298 check=0.128525515 ok=False far=(0.7900,0.7967)
789 random_384               obj=0.111401683 check=0.136047085 ok=False far=(0.0000,0.4989)
785 random_380               obj=0.106015171 check=0.126308390 ok=False far=(0.6256,0.8211)
796 random_391               obj=0.105900019 check=0.125845462 ok=True far=(0.2189,0.6533)
793 random_388               obj=0.107504199 check=0.128841456 ok=False far=(0.2178,0.5700)
790 random_385               obj=0.108316163 check=0.129406693 ok=False far=(1.0000,0.6233)
792 random_387               obj=0.107130899 check=0.128431301 ok=False far=(0.2189,0.0000)
800 random_395               obj=0.104624024 check=0.126174174 ok=True far=(0.2078,0.0000)
791 random_386               obj=0.108410561 check=0.130227285 ok=False far=(0.0000,0.7489)
794 random_389               obj=0.112996720 check=0.135048786 ok=False far=(0.0622,0.7400)
801 random_396               obj=0.109016179 check=0.133148184 ok=False far=(1.0000,0.1933)
798 random_393               obj=0.105525024 check=0.125704172 ok=True far=(0.6578,1.0000)
802 random_397               obj=0.106738029 check=0.128813393 ok=False far=(0.1844,0.3656)
808 random_403               obj=0.104912442 check=0.125636960 ok=True far=(0.0000,0.2289)
799 random_394               obj=0.107155554 check=0.130159334 ok=False far=(1.0000,0.8056)
803 random_398               obj=0.106626944 check=0.129163267 ok=False far=(1.0000,0.2167)
805 random_400               obj=0.111070960 check=0.132914294 ok=False far=(0.8022,0.0000)
804 random_399               obj=0.109517022 check=0.131381536 ok=False far=(0.7722,0.1900)
806 random_401               obj=0.107772256 check=0.130208900 ok=False far=(0.8056,0.0000)
815 random_410               obj=0.108875794 check=0.130254188 ok=True far=(1.0000,0.2300)
807 random_402               obj=0.106810465 check=0.127765475 ok=False far=(0.4111,1.0000)
811 random_406               obj=0.107410816 check=0.127071379 ok=True far=(0.2389,0.8489)
809 random_404               obj=0.115579040 check=0.143234268 ok=False far=(0.2744,1.0000)
812 random_407               obj=0.108162428 check=0.129324426 ok=True far=(0.3422,0.0000)
810 random_405               obj=0.112110577 check=0.136474291 ok=False far=(0.0000,0.5000)
813 random_408               obj=0.106856123 check=0.126918709 ok=False far=(0.8022,0.0000)
814 random_409               obj=0.106035169 check=0.125206439 ok=False far=(0.4178,0.3744)
816 random_411               obj=0.109538658 check=0.130745325 ok=False far=(0.2300,0.1156)
818 random_413               obj=0.109651010 check=0.131018910 ok=False far=(1.0000,0.2156)
819 random_414               obj=0.108550677 check=0.131335207 ok=False far=(0.1367,0.7811)
817 random_412               obj=0.108828648 check=0.129121168 ok=True far=(0.5456,0.7656)
820 random_415               obj=0.111516109 check=0.135787490 ok=False far=(0.7500,0.8989)
821 random_416               obj=0.108828122 check=0.130722646 ok=False far=(0.3622,0.2078)
822 random_417               obj=0.109429472 check=0.130977770 ok=False far=(0.8256,0.8122)
823 random_418               obj=0.107033303 check=0.129029368 ok=False far=(0.0000,0.2078)
824 random_419               obj=0.107301079 check=0.129171363 ok=False far=(0.7578,0.8267)
826 random_421               obj=0.111622306 check=0.136107381 ok=False far=(0.0000,0.5111)
825 random_420               obj=0.110773764 check=0.135250783 ok=False far=(1.0000,0.2489)
827 random_422               obj=0.107162894 check=0.129579135 ok=False far=(1.0000,0.1833)
829 random_424               obj=0.114696346 check=0.139416947 ok=False far=(0.0000,0.7478)
831 random_426               obj=0.109255115 check=0.131110071 ok=False far=(0.7456,1.0000)
830 random_425               obj=0.110821490 check=0.134404619 ok=False far=(0.2633,0.0311)
828 random_423               obj=0.115371009 check=0.139192332 ok=False far=(1.0000,0.5111)
833 random_428               obj=0.107717662 check=0.130402575 ok=False far=(0.7811,1.0000)
832 random_427               obj=0.109386765 check=0.131759225 ok=False far=(0.7478,0.0000)
834 random_429               obj=0.108052391 check=0.129928664 ok=False far=(0.1811,0.7911)
836 random_431               obj=0.107947566 check=0.130009927 ok=False far=(0.1511,0.7944)
837 random_432               obj=0.106285582 check=0.128361747 ok=True far=(1.0000,0.6800)
839 random_434               obj=0.107912734 check=0.129264505 ok=False far=(0.3522,0.6544)
840 random_435               obj=0.107670156 check=0.129414855 ok=True far=(0.2256,0.4311)
835 random_430               obj=0.108611384 check=0.131042809 ok=False far=(1.0000,0.7844)
838 random_433               obj=0.109812431 check=0.131242652 ok=False far=(0.5244,1.0000)
842 random_437               obj=0.106872542 check=0.126352290 ok=False far=(0.8167,0.1656)
841 random_436               obj=0.109167531 check=0.132121267 ok=False far=(1.0000,0.6478)
848 random_443               obj=0.105268682 check=0.126714986 ok=True far=(1.0000,0.1489)
844 random_439               obj=0.109946956 check=0.131550870 ok=False far=(1.0000,0.5433)
843 random_438               obj=0.107115982 check=0.127413806 ok=False far=(0.7600,0.0000)
846 random_441               obj=0.109892850 check=0.135977657 ok=False far=(0.2622,0.0000)
845 random_440               obj=0.112975378 check=0.137731466 ok=False far=(0.1456,0.2311)
847 random_442               obj=0.110713102 check=0.133563324 ok=False far=(0.8967,0.7589)
850 random_445               obj=0.112510421 check=0.136747921 ok=False far=(0.0000,0.2400)
852 random_447               obj=0.110566873 check=0.132934097 ok=False far=(0.0678,0.2522)
853 random_448               obj=0.108867183 check=0.132559663 ok=False far=(0.0000,0.8489)
849 random_444               obj=0.108416520 check=0.129086277 ok=False far=(0.8244,0.2111)
854 random_449               obj=0.108684013 check=0.128829924 ok=False far=(0.7856,0.8600)
851 random_446               obj=0.106768857 check=0.127357756 ok=False far=(0.2300,0.8178)
855 random_450               obj=0.112696314 check=0.135842276 ok=False far=(0.7500,0.0000)
857 random_452               obj=0.106675867 check=0.129560779 ok=False far=(0.8600,1.0000)
858 random_453               obj=0.107008459 check=0.126419778 ok=False far=(0.2300,0.0933)
856 random_451               obj=0.110190874 check=0.133487614 ok=False far=(0.7589,0.8967)
863 random_458               obj=0.108237358 check=0.129917292 ok=True far=(0.8033,0.2322)
864 random_459               obj=0.108265961 check=0.131158710 ok=False far=(0.1711,0.8056)
861 random_456               obj=0.111141209 check=0.134422614 ok=False far=(1.0000,0.8411)
859 random_454               obj=0.108756438 check=0.129545241 ok=False far=(0.7922,1.0000)
866 random_461               obj=0.109207592 check=0.130532274 ok=False far=(0.3756,1.0000)
862 random_457               obj=0.107167633 check=0.127230314 ok=False far=(0.0000,0.4656)
867 random_462               obj=0.109777243 check=0.130259188 ok=False far=(1.0000,0.7733)
865 random_460               obj=0.112798584 check=0.135949499 ok=False far=(1.0000,0.7378)
868 random_463               obj=0.106920196 check=0.128849859 ok=False far=(0.5578,0.2089)
860 random_455               obj=0.107749636 check=0.128496054 ok=False far=(0.1211,1.0000)
869 random_464               obj=0.109171167 check=0.131637307 ok=False far=(0.8144,1.0000)
871 random_466               obj=0.110657266 check=0.133066601 ok=False far=(0.7578,0.8067)
870 random_465               obj=0.105473030 check=0.128090219 ok=False far=(0.3767,0.0000)
876 random_471               obj=0.109522566 check=0.132260545 ok=False far=(0.2167,0.8211)
875 random_470               obj=0.106740213 check=0.127625665 ok=True far=(0.3322,1.0000)
880 random_475               obj=0.106418986 check=0.127566144 ok=True far=(0.1711,0.8144)
874 random_469               obj=0.110291916 check=0.134499223 ok=False far=(0.2400,1.0000)
872 random_467               obj=0.108975564 check=0.131037616 ok=False far=(0.7811,1.0000)
877 random_472               obj=0.109199372 check=0.132176852 ok=False far=(1.0000,0.2167)
873 random_468               obj=0.111183706 check=0.135667927 ok=False far=(1.0000,0.7367)
883 random_478               obj=0.107767070 check=0.129616420 ok=True far=(0.0000,0.8067)
878 random_473               obj=0.112413508 check=0.135565439 ok=False far=(0.0000,0.7389)
879 random_474               obj=0.105949744 check=0.126997229 ok=True far=(1.0000,0.4022)
881 random_476               obj=0.109257271 check=0.131508099 ok=False far=(0.8033,0.0000)
888 random_483               obj=0.107463248 check=0.128244075 ok=True far=(0.3433,0.4244)
884 random_479               obj=0.112762869 check=0.136616767 ok=False far=(0.2178,0.0000)
882 random_477               obj=0.108410890 check=0.129968933 ok=False far=(0.0000,0.4533)
885 random_480               obj=0.106114579 check=0.125968859 ok=True far=(0.2278,1.0000)
889 random_484               obj=0.106171237 check=0.126864998 ok=True far=(0.2144,0.4100)
887 random_482               obj=0.112839300 check=0.134760014 ok=False far=(0.2344,0.1111)
886 random_481               obj=0.108210004 check=0.130771241 ok=False far=(0.2133,0.4889)
892 random_487               obj=0.108181229 check=0.132163061 ok=False far=(0.2189,0.1389)
890 random_485               obj=0.109102934 check=0.131496665 ok=False far=(0.3800,0.1589)
891 random_486               obj=0.107150701 check=0.127868281 ok=False far=(0.8144,0.7900)
895 random_490               obj=0.110341496 check=0.132244665 ok=False far=(0.2511,0.0000)
893 random_488               obj=0.108019636 check=0.128431792 ok=False far=(0.1956,0.1644)
897 random_492               obj=0.107369456 check=0.130294499 ok=False far=(0.3544,1.0000)
894 random_489               obj=0.109406405 check=0.130458933 ok=False far=(0.8578,1.0000)
896 random_491               obj=0.109905364 check=0.132274727 ok=True far=(1.0000,0.7600)
900 random_495               obj=0.108589698 check=0.129044400 ok=True far=(0.0000,0.7522)
898 random_493               obj=0.108300919 check=0.130713196 ok=False far=(1.0000,0.8156)
899 random_494               obj=0.111364487 check=0.134875764 ok=False far=(1.0000,0.2533)
901 random_496               obj=0.105727832 check=0.126173486 ok=False far=(0.3211,0.7989)
902 random_497               obj=0.105148595 check=0.125447537 ok=True far=(0.2167,0.0000)
906 random_501               obj=0.108447561 check=0.130933421 ok=True far=(1.0000,0.2189)
904 random_499               obj=0.108611490 check=0.129483145 ok=True far=(0.7756,0.8711)
912 random_507               obj=0.107695447 check=0.127750770 ok=True far=(0.7789,0.0000)
903 random_498               obj=0.114585663 check=0.135441626 ok=False far=(0.0000,0.2622)
909 random_504               obj=0.106224857 check=0.126758931 ok=True far=(1.0000,0.8267)
911 random_506               obj=0.114465105 check=0.136826427 ok=False far=(1.0000,0.5011)
908 random_503               obj=0.107715104 check=0.130656411 ok=True far=(0.1822,0.3678)
905 random_500               obj=0.106492108 check=0.126884232 ok=False far=(0.1600,0.1933)
914 random_509               obj=0.109263501 check=0.131135741 ok=True far=(0.1733,0.0000)
910 random_505               obj=0.105179336 check=0.125645153 ok=False far=(0.3622,0.8033)
907 random_502               obj=0.109215002 check=0.130088911 ok=False far=(1.0000,0.7478)
913 random_508               obj=0.110576193 check=0.133858571 ok=False far=(0.0000,0.8167)
915 random_510               obj=0.106697618 check=0.129252320 ok=False far=(0.1278,0.2189)
917 random_512               obj=0.105778005 check=0.127147779 ok=False far=(0.0000,0.1622)
919 random_514               obj=0.109296349 check=0.130440508 ok=False far=(0.7911,0.2433)
918 random_513               obj=0.109237724 check=0.131081027 ok=False far=(1.0000,0.4200)
916 random_511               obj=0.105782996 check=0.126158924 ok=False far=(0.7722,0.0000)
923 random_518               obj=0.107355341 check=0.128047848 ok=True far=(0.5600,0.2189)
922 random_517               obj=0.108910443 check=0.131487839 ok=False far=(0.1622,0.0000)
920 random_515               obj=0.107056455 check=0.127755521 ok=False far=(0.0000,0.8033)
930 random_525               obj=0.105011741 check=0.126270776 ok=True far=(0.8378,1.0000)
924 random_519               obj=0.106821447 check=0.129309972 ok=True far=(0.2167,1.0000)
925 random_520               obj=0.106294975 check=0.127517006 ok=False far=(0.3989,1.0000)
921 random_516               obj=0.108810703 check=0.129279227 ok=False far=(0.5567,0.2044)
927 random_522               obj=0.108426860 check=0.128552583 ok=False far=(0.8000,0.6689)
926 random_521               obj=0.108752238 check=0.132059671 ok=False far=(0.7478,0.0000)
931 random_526               obj=0.106066275 check=0.127811738 ok=True far=(0.0000,0.7933)
928 random_523               obj=0.111634725 check=0.134021227 ok=False far=(0.1389,0.0000)
929 random_524               obj=0.109038468 check=0.130802922 ok=False far=(0.2433,1.0000)
938 random_533               obj=0.106163473 check=0.126829435 ok=True far=(0.8044,1.0000)
933 random_528               obj=0.106295373 check=0.127071050 ok=False far=(1.0000,0.2167)
932 random_527               obj=0.106467111 check=0.127079673 ok=False far=(0.6700,0.7711)
936 random_531               obj=0.109601715 check=0.132083453 ok=False far=(0.0000,0.2067)
935 random_530               obj=0.112737280 check=0.135576482 ok=False far=(0.1067,0.5011)
937 random_532               obj=0.108951537 check=0.130677255 ok=False far=(0.1822,0.8156)
934 random_529               obj=0.114696568 check=0.139042162 ok=False far=(0.0000,0.2644)
943 random_538               obj=0.106810116 check=0.127961537 ok=False far=(0.1944,0.6044)
940 random_535               obj=0.110432135 check=0.136729488 ok=False far=(1.0000,0.7367)
941 random_536               obj=0.107109987 check=0.130280460 ok=True far=(0.2056,1.0000)
939 random_534               obj=0.108746727 check=0.130321479 ok=True far=(0.4233,0.7767)
951 random_546               obj=0.108602984 check=0.128829019 ok=True far=(0.0000,0.5678)
948 random_543               obj=0.106722890 check=0.127446813 ok=True far=(0.4456,0.3322)
942 random_537               obj=0.105248410 check=0.125133763 ok=False far=(0.8500,0.3889)
947 random_542               obj=0.112218755 check=0.135985738 ok=False far=(1.0000,0.7344)
946 random_541               obj=0.110582973 check=0.133368849 ok=False far=(1.0000,0.2189)
950 random_545               obj=0.106591720 check=0.126570126 ok=False far=(0.7578,0.3211)
944 random_539               obj=0.107334830 check=0.130529803 ok=False far=(1.0000,0.1478)
945 random_540               obj=0.109479226 check=0.130100925 ok=False far=(0.1922,0.4467)
949 random_544               obj=0.116817953 check=0.139509753 ok=False far=(0.0000,0.7344)
953 random_548               obj=0.106776132 check=0.127706769 ok=True far=(0.4422,0.0000)
954 random_549               obj=0.107423099 check=0.129534468 ok=True far=(0.1967,0.1600)
952 random_547               obj=0.108465812 check=0.130229764 ok=False far=(0.7844,0.5656)
957 random_552               obj=0.107357920 check=0.129389150 ok=False far=(0.0000,0.8467)
959 random_554               obj=0.109566237 check=0.129928723 ok=False far=(0.7922,0.2322)
960 random_555               obj=0.111546343 check=0.135176327 ok=False far=(1.0000,0.5133)
956 random_551               obj=0.110377567 check=0.131579104 ok=False far=(0.7689,0.8600)
955 random_550               obj=0.107549814 check=0.128375562 ok=True far=(0.8011,0.1944)
961 random_556               obj=0.106669395 check=0.128915851 ok=False far=(0.7589,1.0000)
962 random_557               obj=0.110790725 check=0.134878759 ok=False far=(0.4989,1.0000)
968 random_563               obj=0.106484619 check=0.126409686 ok=True far=(0.5767,0.3978)
958 random_553               obj=0.114251526 check=0.137639114 ok=False far=(0.5011,0.0000)
963 random_558               obj=0.107643034 check=0.128640465 ok=False far=(0.7700,0.7567)
965 random_560               obj=0.107668323 check=0.129504985 ok=False far=(0.2178,0.0000)
966 random_561               obj=0.107824136 check=0.129672732 ok=False far=(0.0000,0.4544)
967 random_562               obj=0.107726529 check=0.130538915 ok=False far=(1.0000,0.1733)
964 random_559               obj=0.111505158 check=0.135362348 ok=False far=(0.5011,1.0000)
969 random_564               obj=0.108521229 check=0.131092177 ok=False far=(1.0000,0.7722)
976 random_571               obj=0.105502887 check=0.125026529 ok=True far=(0.4211,1.0000)
971 random_566               obj=0.107646848 check=0.128785124 ok=False far=(0.2167,1.0000)
972 random_567               obj=0.107107653 check=0.127924719 ok=False far=(1.0000,0.1978)
970 random_565               obj=0.110173671 check=0.133808451 ok=False far=(0.2500,0.9089)
973 random_568               obj=0.106871797 check=0.128856659 ok=False far=(1.0000,0.7722)
975 random_570               obj=0.109025347 check=0.131439512 ok=False far=(0.1744,1.0000)
978 random_573               obj=0.109794146 check=0.133427680 ok=False far=(0.0000,0.8011)
979 random_574               obj=0.106340311 check=0.126773350 ok=True far=(1.0000,0.7822)
977 random_572               obj=0.107668546 check=0.129849800 ok=False far=(0.1411,0.0000)
974 random_569               obj=0.108730186 check=0.130463079 ok=False far=(0.2300,1.0000)
980 random_575               obj=0.107130526 check=0.128086071 ok=False far=(0.8289,0.2411)
984 random_579               obj=0.107241318 check=0.129904230 ok=False far=(1.0000,0.1833)
983 random_578               obj=0.110411585 check=0.131940244 ok=False far=(0.7667,0.7711)
982 random_577               obj=0.111586523 check=0.136106316 ok=False far=(1.0000,0.7600)
988 random_583               obj=0.107561424 check=0.130002672 ok=True far=(0.0000,0.8278)
985 random_580               obj=0.108451951 check=0.129199667 ok=False far=(0.6144,0.8022)
981 random_576               obj=0.110977405 check=0.134495242 ok=False far=(1.0000,0.2622)
986 random_581               obj=0.110809046 check=0.135348174 ok=False far=(0.1133,0.2422)
987 random_582               obj=0.107905183 check=0.129547494 ok=False far=(0.2100,0.2278)
990 random_585               obj=0.106964750 check=0.127422109 ok=True far=(1.0000,0.7944)
989 random_584               obj=0.112111858 check=0.133550873 ok=False far=(0.2400,0.2322)
998 random_593               obj=0.106342509 check=0.127039787 ok=True far=(0.1500,1.0000)
992 random_587               obj=0.110982931 check=0.134046105 ok=False far=(0.2322,1.0000)
993 random_588               obj=0.107824523 check=0.129864019 ok=False far=(0.1811,0.8178)
994 random_589               obj=0.108176089 check=0.128359392 ok=False far=(0.2189,0.3633)
999 random_594               obj=0.107808253 check=0.128543878 ok=True far=(0.1656,0.4878)
996 random_591               obj=0.107879849 check=0.129408384 ok=False far=(0.2178,0.0000)
991 random_586               obj=0.108567704 check=0.131371510 ok=False far=(0.0000,0.2433)
997 random_592               obj=0.108252037 check=0.130320801 ok=False far=(1.0000,0.3611)
995 random_590               obj=0.111536151 check=0.134294219 ok=False far=(1.0000,0.7600)
1000 random_595               obj=0.108803033 check=0.130166414 ok=False far=(1.0000,0.6133)
1001 random_596               obj=0.110360089 check=0.135186509 ok=False far=(0.7589,0.0000)
1003 random_598               obj=0.106056627 check=0.128619772 ok=False far=(0.2200,0.0000)
1002 random_597               obj=0.106085562 check=0.126375697 ok=True far=(0.0000,1.0000)
1004 random_599               obj=0.108058144 check=0.130623901 ok=False far=(0.3656,0.7900)

BEST random_181: sampled radius 0.123880541
Wrote analysis/cover32_long32_points.csv
Wrote analysis/cover32_long32_points.png with sampled plot radius 0.124066067 far=(0.8137,0.1600)
0.1796230745, 0.0639883794
0.7201708447, 0.0785424607
0.3595073309, 0.0806239847
0.9099339083, 0.0810898639
0.5319495035, 0.0811781566
0.0455986106, 0.1064489496
0.2327459569, 0.2479637904
0.6007981935, 0.2671476280
0.4105584792, 0.2767656000
0.7949704258, 0.2827875071
0.9720558915, 0.2858268632
0.0873331726, 0.2960978121
0.4622704948, 0.4428800004
0.2533814321, 0.4436054197
0.6774168614, 0.4450723953
0.0568248283, 0.4656243658
0.8991729182, 0.4750550478
0.1039030808, 0.6108062940
0.3206702441, 0.6119388953
0.5408980244, 0.6165157227
0.7389426168, 0.6226529246
0.9468305525, 0.6505822973
0.0434695641, 0.7755275931
0.8788099574, 0.7801069732
0.2371908970, 0.7807676873
0.4462711552, 0.7857156813
0.6576865698, 0.8056105063
0.9551278943, 0.8971378740
0.1002500766, 0.9450922491
0.3177390467, 0.9472223026
0.5401298492, 0.9641851950
0.7732384663, 0.9651512229
